Component: ARM Compiler 5.06 update 6 (build 750) Tool: armlink [4d35ed]

==============================================================================

Section Cross References

    startup_stm32f411xe.o(RESET) refers to startup_stm32f411xe.o(STACK) for __initial_sp
    startup_stm32f411xe.o(RESET) refers to startup_stm32f411xe.o(.text) for Reset_Handler
    startup_stm32f411xe.o(RESET) refers to stm32f4xx_it.o(i.NMI_Handler) for NMI_Handler
    startup_stm32f411xe.o(RESET) refers to stm32f4xx_it.o(i.HardFault_Handler) for HardFault_Handler
    startup_stm32f411xe.o(RESET) refers to stm32f4xx_it.o(i.MemManage_Handler) for MemManage_Handler
    startup_stm32f411xe.o(RESET) refers to stm32f4xx_it.o(i.BusFault_Handler) for BusFault_Handler
    startup_stm32f411xe.o(RESET) refers to stm32f4xx_it.o(i.UsageFault_Handler) for UsageFault_Handler
    startup_stm32f411xe.o(RESET) refers to port.o(.emb_text) for SVC_Handler
    startup_stm32f411xe.o(RESET) refers to stm32f4xx_it.o(i.DebugMon_Handler) for DebugMon_Handler
    startup_stm32f411xe.o(RESET) refers to stm32f4xx_it.o(i.SysTick_Handler) for SysTick_Handler
    startup_stm32f411xe.o(RESET) refers to stm32f4xx_it.o(i.TIM4_IRQHandler) for TIM4_IRQHandler
    startup_stm32f411xe.o(.text) refers to system_stm32f4xx.o(i.SystemInit) for SystemInit
    startup_stm32f411xe.o(.text) refers to entry.o(.ARM.Collect$$$$00000000) for __main
    main.o(i.HAL_TIM_PeriodElapsedCallback) refers to stm32f4xx_hal.o(i.HAL_IncTick) for HAL_IncTick
    main.o(i.StartDefaultTask) refers to cmsis_os.o(i.osDelay) for osDelay
    main.o(i.SystemClock_Config) refers to stm32f4xx_hal_rcc.o(i.HAL_RCC_OscConfig) for HAL_RCC_OscConfig
    main.o(i.SystemClock_Config) refers to stm32f4xx_hal_rcc.o(i.HAL_RCC_ClockConfig) for HAL_RCC_ClockConfig
    main.o(i.SystemClock_Config) refers to stm32f4xx_hal_rcc.o(i.HAL_RCC_GetHCLKFreq) for HAL_RCC_GetHCLKFreq
    main.o(i.SystemClock_Config) refers to stm32f4xx_hal_cortex.o(i.HAL_SYSTICK_Config) for HAL_SYSTICK_Config
    main.o(i.SystemClock_Config) refers to stm32f4xx_hal_cortex.o(i.HAL_SYSTICK_CLKSourceConfig) for HAL_SYSTICK_CLKSourceConfig
    main.o(i.SystemClock_Config) refers to stm32f4xx_hal_cortex.o(i.HAL_NVIC_SetPriority) for HAL_NVIC_SetPriority
    main.o(i.main) refers to stm32f4xx_hal.o(i.HAL_Init) for HAL_Init
    main.o(i.main) refers to main.o(i.SystemClock_Config) for SystemClock_Config
    main.o(i.main) refers to stm32f4xx_hal_gpio.o(i.HAL_GPIO_WritePin) for HAL_GPIO_WritePin
    main.o(i.main) refers to stm32f4xx_hal_gpio.o(i.HAL_GPIO_Init) for HAL_GPIO_Init
    main.o(i.main) refers to queue.o(i.xQueueGenericCreate) for xQueueGenericCreate
    main.o(i.main) refers to tasks.o(i.xTaskCreate) for xTaskCreate
    main.o(i.main) refers to tasks.o(i.vTaskStartScheduler) for vTaskStartScheduler
    main.o(i.main) refers to main.o(.data) for .data
    main.o(i.main) refers to main.o(i.vSenderTask) for vSenderTask
    main.o(i.main) refers to main.o(i.vReceiverTask) for vReceiverTask
    main.o(i.vReceiverTask) refers to queue.o(i.uxQueueMessagesWaiting) for uxQueueMessagesWaiting
    main.o(i.vReceiverTask) refers to queue.o(i.xQueueGenericReceive) for xQueueGenericReceive
    main.o(i.vReceiverTask) refers to main.o(.data) for .data
    main.o(i.vSenderTask) refers to queue.o(i.xQueueGenericSend) for xQueueGenericSend
    main.o(i.vSenderTask) refers to main.o(.data) for .data
    stm32f4xx_it.o(i.SysTick_Handler) refers to cmsis_os.o(i.osSystickHandler) for osSystickHandler
    stm32f4xx_it.o(i.TIM4_IRQHandler) refers to stm32f4xx_hal_tim.o(i.HAL_TIM_IRQHandler) for HAL_TIM_IRQHandler
    stm32f4xx_it.o(i.TIM4_IRQHandler) refers to stm32f4xx_hal_timebase_tim.o(.bss) for htim4
    stm32f4xx_hal_msp.o(i.HAL_MspInit) refers to stm32f4xx_hal_cortex.o(i.HAL_NVIC_SetPriorityGrouping) for HAL_NVIC_SetPriorityGrouping
    stm32f4xx_hal_msp.o(i.HAL_MspInit) refers to stm32f4xx_hal_cortex.o(i.HAL_NVIC_SetPriority) for HAL_NVIC_SetPriority
    stm32f4xx_hal_timebase_tim.o(i.HAL_InitTick) refers to stm32f4xx_hal_cortex.o(i.HAL_NVIC_SetPriority) for HAL_NVIC_SetPriority
    stm32f4xx_hal_timebase_tim.o(i.HAL_InitTick) refers to stm32f4xx_hal_cortex.o(i.HAL_NVIC_EnableIRQ) for HAL_NVIC_EnableIRQ
    stm32f4xx_hal_timebase_tim.o(i.HAL_InitTick) refers to stm32f4xx_hal_rcc.o(i.HAL_RCC_GetClockConfig) for HAL_RCC_GetClockConfig
    stm32f4xx_hal_timebase_tim.o(i.HAL_InitTick) refers to stm32f4xx_hal_rcc.o(i.HAL_RCC_GetPCLK1Freq) for HAL_RCC_GetPCLK1Freq
    stm32f4xx_hal_timebase_tim.o(i.HAL_InitTick) refers to stm32f4xx_hal_tim.o(i.HAL_TIM_Base_Init) for HAL_TIM_Base_Init
    stm32f4xx_hal_timebase_tim.o(i.HAL_InitTick) refers to stm32f4xx_hal_tim.o(i.HAL_TIM_Base_Start_IT) for HAL_TIM_Base_Start_IT
    stm32f4xx_hal_timebase_tim.o(i.HAL_InitTick) refers to stm32f4xx_hal_timebase_tim.o(.bss) for .bss
    stm32f4xx_hal_timebase_tim.o(i.HAL_ResumeTick) refers to stm32f4xx_hal_timebase_tim.o(.bss) for .bss
[...]
    Removing tasks.o(i.ulTaskNotifyTake), (284 bytes).
    Removing tasks.o(i.uxTaskGetNumberOfTasks), (12 bytes).
    Removing tasks.o(i.uxTaskGetSystemState), (168 bytes).
    Removing tasks.o(i.uxTaskPriorityGet), (28 bytes).
    Removing tasks.o(i.uxTaskPriorityGetFromISR), (44 bytes).
    Removing tasks.o(i.uxTaskResetEventItemValue), (24 bytes).
    Removing tasks.o(i.vTaskDelay), (140 bytes).
    Removing tasks.o(i.vTaskDelayUntil), (212 bytes).
    Removing tasks.o(i.vTaskDelete), (316 bytes).
    Removing tasks.o(i.vTaskEndScheduler), (28 bytes).
    Removing tasks.o(i.vTaskGetInfo), (132 bytes).
    Removing tasks.o(i.vTaskNotifyGiveFromISR), (248 bytes).
    Removing tasks.o(i.vTaskPlaceOnUnorderedEventList), (80 bytes).
    Removing tasks.o(i.vTaskPrioritySet), (296 bytes).
    Removing tasks.o(i.vTaskResume), (200 bytes).
    Removing tasks.o(i.vTaskSuspend), (236 bytes).
    Removing tasks.o(i.xTaskGenericNotify), (280 bytes).
    Removing tasks.o(i.xTaskGenericNotifyFromISR), (304 bytes).
    Removing tasks.o(i.xTaskGetTickCount), (12 bytes).
    Removing tasks.o(i.xTaskGetTickCountFromISR), (16 bytes).
    Removing tasks.o(i.xTaskNotifyStateClear), (52 bytes).
    Removing tasks.o(i.xTaskNotifyWait), (260 bytes).
    Removing tasks.o(i.xTaskRemoveFromUnorderedEventList), (152 bytes).
    Removing tasks.o(i.xTaskResumeFromISR), (204 bytes).
    Removing timers.o(.rev16_text), (4 bytes).
    Removing timers.o(.revsh_text), (4 bytes).
    Removing timers.o(.rrx_text), (6 bytes).
    Removing cmsis_os.o(.rev16_text), (4 bytes).
    Removing cmsis_os.o(.revsh_text), (4 bytes).
    Removing cmsis_os.o(.rrx_text), (6 bytes).
    Removing cmsis_os.o(i.inHandlerMode), (12 bytes).
    Removing cmsis_os.o(i.makeCmsisPriority), (14 bytes).
    Removing cmsis_os.o(i.makeFreeRtosPriority), (12 bytes).
    Removing cmsis_os.o(i.osAbortDelay), (4 bytes).
    Removing cmsis_os.o(i.osDelay), (14 bytes).
    Removing cmsis_os.o(i.osDelayUntil), (14 bytes).
    Removing cmsis_os.o(i.osKernelRunning), (18 bytes).
    Removing cmsis_os.o(i.osKernelStart), (10 bytes).
    Removing cmsis_os.o(i.osKernelSysTick), (24 bytes).
    Removing cmsis_os.o(i.osMailAlloc), (12 bytes).
    Removing cmsis_os.o(i.osMailCAlloc), (32 bytes).
    Removing cmsis_os.o(i.osMailCreate), (92 bytes).
    Removing cmsis_os.o(i.osMailFree), (12 bytes).
    Removing cmsis_os.o(i.osMailGet), (148 bytes).
    Removing cmsis_os.o(i.osMailPut), (92 bytes).
    Removing cmsis_os.o(i.osMessageAvailableSpace), (4 bytes).
    Removing cmsis_os.o(i.osMessageCreate), (8 bytes).
    Removing cmsis_os.o(i.osMessageDelete), (24 bytes).
    Removing cmsis_os.o(i.osMessageGet), (152 bytes).
    Removing cmsis_os.o(i.osMessagePeek), (78 bytes).
    Removing cmsis_os.o(i.osMessagePut), (92 bytes).
    Removing cmsis_os.o(i.osMessageWaiting), (30 bytes).
    Removing cmsis_os.o(i.osMutexCreate), (6 bytes).
    Removing cmsis_os.o(i.osMutexDelete), (24 bytes).
    Removing cmsis_os.o(i.osMutexRelease), (80 bytes).
    Removing cmsis_os.o(i.osMutexWait), (104 bytes).
    Removing cmsis_os.o(i.osPoolAlloc), (106 bytes).
    Removing cmsis_os.o(i.osPoolCAlloc), (16 bytes).
    Removing cmsis_os.o(i.osPoolCreate), (94 bytes).
    Removing cmsis_os.o(i.osPoolFree), (48 bytes).
    Removing cmsis_os.o(i.osRecursiveMutexCreate), (4 bytes).
    Removing cmsis_os.o(i.osRecursiveMutexRelease), (4 bytes).
    Removing cmsis_os.o(i.osRecursiveMutexWait), (4 bytes).
    Removing cmsis_os.o(i.osSemaphoreCreate), (38 bytes).
    Removing cmsis_os.o(i.osSemaphoreDelete), (24 bytes).
    Removing cmsis_os.o(i.osSemaphoreGetCount), (4 bytes).
    Removing cmsis_os.o(i.osSemaphoreRelease), (80 bytes).
    Removing cmsis_os.o(i.osSemaphoreWait), (104 bytes).
    Removing cmsis_os.o(i.osSignalSet), (92 bytes).
    Removing cmsis_os.o(i.osSignalWait), (86 bytes).
    Removing cmsis_os.o(i.osThreadCreate), (46 bytes).
    Removing cmsis_os.o(i.osThreadGetId), (4 bytes).
    Removing cmsis_os.o(i.osThreadGetPriority), (32 bytes).
    Removing cmsis_os.o(i.osThreadList), (4 bytes).
    Removing cmsis_os.o(i.osThreadResume), (52 bytes).
    Removing cmsis_os.o(i.osThreadResumeAll), (18 bytes).
    Removing cmsis_os.o(i.osThreadSetPriority), (22 bytes).
    Removing cmsis_os.o(i.osThreadSuspend), (10 bytes).
    Removing cmsis_os.o(i.osThreadSuspendAll), (10 bytes).
    Removing cmsis_os.o(i.osThreadTerminate), (10 bytes).
    Removing cmsis_os.o(i.osThreadYield), (24 bytes).
    Removing cmsis_os.o(i.osTimerCreate), (4 bytes).
    Removing cmsis_os.o(i.osTimerDelete), (4 bytes).
    Removing cmsis_os.o(i.osTimerStart), (4 bytes).
    Removing cmsis_os.o(i.osTimerStop), (4 bytes).
    Removing eventrecorder.o(.rev16_text), (4 bytes).
    Removing eventrecorder.o(.revsh_text), (4 bytes).
    Removing eventrecorder.o(.rrx_text), (6 bytes).
    Removing eventrecorder.o(.emb_text), (116 bytes).
    Removing eventrecorder.o(i.EventCheckFilter), (36 bytes).
    Removing eventrecorder.o(i.EventGetTS), (52 bytes).
    Removing eventrecorder.o(i.EventRecord2), (54 bytes).
    Removing eventrecorder.o(i.EventRecord4), (112 bytes).
    Removing eventrecorder.o(i.EventRecordData), (248 bytes).
    Removing eventrecorder.o(i.EventRecordItem), (172 bytes).
    Removing eventrecorder.o(i.EventRecorderClockUpdate), (40 bytes).
    Removing eventrecorder.o(i.EventRecorderDisable), (96 bytes).
    Removing eventrecorder.o(i.EventRecorderEnable), (92 bytes).
    Removing eventrecorder.o(i.EventRecorderInitialize), (268 bytes).
    Removing eventrecorder.o(i.EventRecorderStart), (44 bytes).
    Removing eventrecorder.o(i.EventRecorderStop), (40 bytes).
    Removing eventrecorder.o(i.EventRecorderTimerGetCount), (12 bytes).
    Removing eventrecorder.o(i.EventRecorderTimerGetFreq), (12 bytes).
    Removing eventrecorder.o(i.EventRecorderTimerSetup), (32 bytes).
    Removing dfixui.o(.text), (50 bytes).

549 unused section(s) (total 35818 bytes) removed from the image.

==============================================================================

Image Symbol Table

    Local Symbols

    Symbol Name                              Value     Ov Type        Size  Object(Section)

    ..//Src/system_stm32f4xx.c               0x00000000   Number         0  system_stm32f4xx.o ABSOLUTE
    ../Drivers/STM32F4xx_HAL_Driver/Src/stm32f4xx_hal.c 0x00000000   Number         0  stm32f4xx_hal.o ABSOLUTE
    ../Drivers/STM32F4xx_HAL_Driver/Src/stm32f4xx_hal_cortex.c 0x00000000   Number         0  stm32f4xx_hal_cortex.o ABSOLUTE
    ../Drivers/STM32F4xx_HAL_Driver/Src/stm32f4xx_hal_dma.c 0x00000000   Number         0  stm32f4xx_hal_dma.o ABSOLUTE
    ../Drivers/STM32F4xx_HAL_Driver/Src/stm32f4xx_hal_dma_ex.c 0x00000000   Number         0  stm32f4xx_hal_dma_ex.o ABSOLUTE
    ../Drivers/STM32F4xx_HAL_Driver/Src/stm32f4xx_hal_flash.c 0x00000000   Number         0  stm32f4xx_hal_flash.o ABSOLUTE
    ../Drivers/STM32F4xx_HAL_Driver/Src/stm32f4xx_hal_flash_ex.c 0x00000000   Number         0  stm32f4xx_hal_flash_ex.o ABSOLUTE
    ../Drivers/STM32F4xx_HAL_Driver/Src/stm32f4xx_hal_flash_ramfunc.c 0x00000000   Number         0  stm32f4xx_hal_flash_ramfunc.o ABSOLUTE
    ../Drivers/STM32F4xx_HAL_Driver/Src/stm32f4xx_hal_gpio.c 0x00000000   Number         0  stm32f4xx_hal_gpio.o ABSOLUTE
    ../Drivers/STM32F4xx_HAL_Driver/Src/stm32f4xx_hal_pwr.c 0x00000000   Number         0  stm32f4xx_hal_pwr.o ABSOLUTE
    ../Drivers/STM32F4xx_HAL_Driver/Src/stm32f4xx_hal_pwr_ex.c 0x00000000   Number         0  stm32f4xx_hal_pwr_ex.o ABSOLUTE
    ../Drivers/STM32F4xx_HAL_Driver/Src/stm32f4xx_hal_rcc.c 0x00000000   Number         0  stm32f4xx_hal_rcc.o ABSOLUTE
    ../Drivers/STM32F4xx_HAL_Driver/Src/stm32f4xx_hal_rcc_ex.c 0x00000000   Number         0  stm32f4xx_hal_rcc_ex.o ABSOLUTE
    ../Drivers/STM32F4xx_HAL_Driver/Src/stm32f4xx_hal_tim.c 0x00000000   Number         0  stm32f4xx_hal_tim.o ABSOLUTE
    ../Drivers/STM32F4xx_HAL_Driver/Src/stm32f4xx_hal_tim_ex.c 0x00000000   Number         0  stm32f4xx_hal_tim_ex.o ABSOLUTE
    ../Middlewares/Third_Party/FreeRTOS/Source/CMSIS_RTOS/cmsis_os.c 0x00000000   Number         0  cmsis_os.o ABSOLUTE
    ../Middlewares/Third_Party/FreeRTOS/Source/croutine.c 0x00000000   Number         0  croutine.o ABSOLUTE
    ../Middlewares/Third_Party/FreeRTOS/Source/event_groups.c 0x00000000   Number         0  event_groups.o ABSOLUTE
    ../Middlewares/Third_Party/FreeRTOS/Source/list.c 0x00000000   Number         0  list.o ABSOLUTE
    ../Middlewares/Third_Party/FreeRTOS/Source/portable/MemMang/heap_4.c 0x00000000   Number         0  heap_4.o ABSOLUTE
    ../Middlewares/Third_Party/FreeRTOS/Source/portable/RVDS/ARM_CM4F/port.c 0x00000000   Number         0  port.o ABSOLUTE
    ../Middlewares/Third_Party/FreeRTOS/Source/queue.c 0x00000000   Number         0  queue.o ABSOLUTE
    ../Middlewares/Third_Party/FreeRTOS/Source/tasks.c 0x00000000   Number         0  tasks.o ABSOLUTE
    ../Middlewares/Third_Party/FreeRTOS/Source/timers.c 0x00000000   Number         0  timers.o ABSOLUTE
    ../Src/freertos.c                        0x00000000   Number         0  freertos.o ABSOLUTE
    ../Src/main.c                            0x00000000   Number         0  main.o ABSOLUTE
    ../Src/stm32f4xx_hal_msp.c               0x00000000   Number         0  stm32f4xx_hal_msp.o ABSOLUTE
    ../Src/stm32f4xx_hal_timebase_TIM.c      0x00000000   Number         0  stm32f4xx_hal_timebase_tim.o ABSOLUTE
    ../Src/stm32f4xx_it.c                    0x00000000   Number         0  stm32f4xx_it.o ABSOLUTE
    ../clib/microlib/division.c              0x00000000   Number         0  uldiv.o ABSOLUTE
    ../clib/microlib/init/entry.s            0x00000000   Number         0  entry.o ABSOLUTE
    ../clib/microlib/init/entry.s            0x00000000   Number         0  entry8b.o ABSOLUTE
    ../clib/microlib/init/entry.s            0x00000000   Number         0  entry9a.o ABSOLUTE
    ../clib/microlib/init/entry.s            0x00000000   Number         0  entry2.o ABSOLUTE
    ../clib/microlib/init/entry.s            0x00000000   Number         0  entry5.o ABSOLUTE
    ../clib/microlib/init/entry.s            0x00000000   Number         0  entry7a.o ABSOLUTE
    ../clib/microlib/init/entry.s            0x00000000   Number         0  entry7b.o ABSOLUTE
    ../clib/microlib/init/entry.s            0x00000000   Number         0  entry11b.o ABSOLUTE
    ../clib/microlib/init/entry.s            0x00000000   Number         0  entry10a.o ABSOLUTE
    ../clib/microlib/init/entry.s            0x00000000   Number         0  entry11a.o ABSOLUTE
    ../clib/microlib/init/entry.s            0x00000000   Number         0  entry10b.o ABSOLUTE
    ../clib/microlib/init/entry.s            0x00000000   Number         0  entry8a.o ABSOLUTE
    ../clib/microlib/init/entry.s            0x00000000   Number         0  entry9b.o ABSOLUTE
    ../clib/microlib/longlong.c              0x00000000   Number         0  llshl.o ABSOLUTE
    ../clib/microlib/longlong.c              0x00000000   Number         0  llushr.o ABSOLUTE
    ../clib/microlib/string/memcpy.c         0x00000000   Number         0  memcpya.o ABSOLUTE
    ../clib/microlib/string/memcpy.c         0x00000000   Number         0  memcpyb.o ABSOLUTE
    ../clib/microlib/string/memset.c         0x00000000   Number         0  memseta.o ABSOLUTE
    ../clib/microlib/string/strncmp.c        0x00000000   Number         0  strncmp.o ABSOLUTE
    ../clib/microlib/stubs.s                 0x00000000   Number         0  iusefp.o ABSOLUTE
    ../fplib/microlib/fpfix.c                0x00000000   Number         0  dfixui.o ABSOLUTE
    ..\Drivers\STM32F4xx_HAL_Driver\Src\stm32f4xx_hal.c 0x00000000   Number         0  stm32f4xx_hal.o ABSOLUTE
    ..\Drivers\STM32F4xx_HAL_Driver\Src\stm32f4xx_hal_cortex.c 0x00000000   Number         0  stm32f4xx_hal_cortex.o ABSOLUTE
    ..\Drivers\STM32F4xx_HAL_Driver\Src\stm32f4xx_hal_dma.c 0x00000000   Number         0  stm32f4xx_hal_dma.o ABSOLUTE
    ..\Drivers\STM32F4xx_HAL_Driver\Src\stm32f4xx_hal_dma_ex.c 0x00000000   Number         0  stm32f4xx_hal_dma_ex.o ABSOLUTE
    ..\Drivers\STM32F4xx_HAL_Driver\Src\stm32f4xx_hal_flash.c 0x00000000   Number         0  stm32f4xx_hal_flash.o ABSOLUTE
    ..\Drivers\STM32F4xx_HAL_Driver\Src\stm32f4xx_hal_flash_ex.c 0x00000000   Number         0  stm32f4xx_hal_flash_ex.o ABSOLUTE
    ..\Drivers\STM32F4xx_HAL_Driver\Src\stm32f4xx_hal_flash_ramfunc.c 0x00000000   Number         0  stm32f4xx_hal_flash_ramfunc.o ABSOLUTE
    ..\Drivers\STM32F4xx_HAL_Driver\Src\stm32f4xx_hal_gpio.c 0x00000000   Number         0  stm32f4xx_hal_gpio.o ABSOLUTE
    ..\Drivers\STM32F4xx_HAL_Driver\Src\stm32f4xx_hal_pwr.c 0x00000000   Number         0  stm32f4xx_hal_pwr.o ABSOLUTE
    ..\Drivers\STM32F4xx_HAL_Driver\Src\stm32f4xx_hal_pwr_ex.c 0x00000000   Number         0  stm32f4xx_hal_pwr_ex.o ABSOLUTE
    ..\Drivers\STM32F4xx_HAL_Driver\Src\stm32f4xx_hal_rcc.c 0x00000000   Number         0  stm32f4xx_hal_rcc.o ABSOLUTE
    ..\Drivers\STM32F4xx_HAL_Driver\Src\stm32f4xx_hal_rcc_ex.c 0x00000000   Number         0  stm32f4xx_hal_rcc_ex.o ABSOLUTE
    ..\Drivers\STM32F4xx_HAL_Driver\Src\stm32f4xx_hal_tim.c 0x00000000   Number         0  stm32f4xx_hal_tim.o ABSOLUTE
    ..\Drivers\STM32F4xx_HAL_Driver\Src\stm32f4xx_hal_tim_ex.c 0x00000000   Number         0  stm32f4xx_hal_tim_ex.o ABSOLUTE
    ..\Middlewares\Third_Party\FreeRTOS\Source\CMSIS_RTOS\cmsis_os.c 0x00000000   Number         0  cmsis_os.o ABSOLUTE
    ..\Middlewares\Third_Party\FreeRTOS\Source\croutine.c 0x00000000   Number         0  croutine.o ABSOLUTE
    ..\Middlewares\Third_Party\FreeRTOS\Source\event_groups.c 0x00000000   Number         0  event_groups.o ABSOLUTE
    ..\Middlewares\Third_Party\FreeRTOS\Source\list.c 0x00000000   Number         0  list.o ABSOLUTE
    ..\Middlewares\Third_Party\FreeRTOS\Source\portable\MemMang\heap_4.c 0x00000000   Number         0  heap_4.o ABSOLUTE
    ..\Middlewares\Third_Party\FreeRTOS\Source\portable\RVDS\ARM_CM4F\port.c 0x00000000   Number         0  port.o ABSOLUTE
    ..\Middlewares\Third_Party\FreeRTOS\Source\queue.c 0x00000000   Number         0  queue.o ABSOLUTE
    ..\Middlewares\Third_Party\FreeRTOS\Source\tasks.c 0x00000000   Number         0  tasks.o ABSOLUTE
    ..\Middlewares\Third_Party\FreeRTOS\Source\timers.c 0x00000000   Number         0  timers.o ABSOLUTE
    ..\Src\TraceRecorder\trcKernelPort.c     0x00000000   Number         0  trckernelport.o ABSOLUTE
    ..\Src\TraceRecorder\trcSnapshotRecorder.c 0x00000000   Number         0  trcsnapshotrecorder.o ABSOLUTE
    ..\Src\TraceRecorder\trcStreamingRecorder.c 0x00000000   Number         0  trcstreamingrecorder.o ABSOLUTE
    ..\Src\freertos.c                        0x00000000   Number         0  freertos.o ABSOLUTE
    ..\Src\main.c                            0x00000000   Number         0  main.o ABSOLUTE
    ..\Src\stm32f4xx_hal_msp.c               0x00000000   Number         0  stm32f4xx_hal_msp.o ABSOLUTE
    ..\Src\stm32f4xx_hal_timebase_TIM.c      0x00000000   Number         0  stm32f4xx_hal_timebase_tim.o ABSOLUTE
    ..\Src\stm32f4xx_it.c                    0x00000000   Number         0  stm32f4xx_it.o ABSOLUTE
    ..\\Src\\TraceRecorder\\trcKernelPort.c  0x00000000   Number         0  trckernelport.o ABSOLUTE
    ..\\Src\\TraceRecorder\\trcSnapshotRecorder.c 0x00000000   Number         0  trcsnapshotrecorder.o ABSOLUTE
    ..\\Src\\TraceRecorder\\trcStreamingRecorder.c 0x00000000   Number         0  trcstreamingrecorder.o ABSOLUTE
    ..\\Src\system_stm32f4xx.c               0x00000000   Number         0  system_stm32f4xx.o ABSOLUTE
    C:\Program Files\Keil_v5\ARM\PACK\Keil\ARM_Compiler\1.6.0\Source\EventRecorder.c 0x00000000   Number         0  eventrecorder.o ABSOLUTE
    C:\\Program Files\\Keil_v5\\ARM\\PACK\\Keil\\ARM_Compiler\\1.6.0\\Source\\EventRecorder.c 0x00000000   Number         0  eventrecorder.o ABSOLUTE
    dc.s                                     0x00000000   Number         0  dc.o ABSOLUTE
    handlers.s                               0x00000000   Number         0  handlers.o ABSOLUTE
    init.s                                   0x00000000   Number         0  init.o ABSOLUTE
    startup_stm32f411xe.s                    0x00000000   Number         0  startup_stm32f411xe.o ABSOLUTE
    RESET                                    0x08000000   Section      408  startup_stm32f411xe.o(RESET)
    .ARM.Collect$$$$00000000                 0x08000198   Section        0  entry.o(.ARM.Collect$$$$00000000)
    .ARM.Collect$$$$00000001                 0x08000198   Section        4  entry2.o(.ARM.Collect$$$$00000001)
    .ARM.Collect$$$$00000004                 0x0800019c   Section        4  entry5.o(.ARM.Collect$$$$00000004)
    .ARM.Collect$$$$00000008                 0x080001a0   Section        0  entry7b.o(.ARM.Collect$$$$00000008)
    .ARM.Collect$$$$0000000A                 0x080001a0   Section        0  entry8b.o(.ARM.Collect$$$$0000000A)
    .ARM.Collect$$$$0000000B                 0x080001a0   Section        8  entry9a.o(.ARM.Collect$$$$0000000B)
    .ARM.Collect$$$$0000000D                 0x080001a8   Section        0  entry10a.o(.ARM.Collect$$$$0000000D)
    .ARM.Collect$$$$0000000F                 0x080001a8   Section        0  entry11a.o(.ARM.Collect$$$$0000000F)
    .ARM.Collect$$$$00002712                 0x080001a8   Section        4  entry2.o(.ARM.Collect$$$$00002712)
    __lit__00000000                          0x080001a8   Data           4  entry2.o(.ARM.Collect$$$$00002712)
    .emb_text                                0x080001ac   Section      186  port.o(.emb_text)
    $v0                                      0x080001ac   Number         0  port.o(.emb_text)
    .text                                    0x08000268   Section       36  startup_stm32f411xe.o(.text)
    $v0                                      0x08000268   Number         0  startup_stm32f411xe.o(.text)
    .text                                    0x0800028c   Section        0  uldiv.o(.text)
    .text                                    0x080002ee   Section        0  memcpya.o(.text)
    .text                                    0x08000312   Section        0  memseta.o(.text)
    .text                                    0x08000336   Section        0  llshl.o(.text)
    .text                                    0x08000354   Section        0  llushr.o(.text)
    .text                                    0x08000374   Section       36  init.o(.text)
    i.BusFault_Handler                       0x08000398   Section        0  stm32f4xx_it.o(i.BusFault_Handler)
    i.DebugMon_Handler                       0x0800039a   Section        0  stm32f4xx_it.o(i.DebugMon_Handler)
    i.HAL_GPIO_Init                          0x0800039c   Section        0  stm32f4xx_hal_gpio.o(i.HAL_GPIO_Init)
    i.HAL_GPIO_WritePin                      0x08000524   Section        0  stm32f4xx_hal_gpio.o(i.HAL_GPIO_WritePin)
    i.HAL_GetTick                            0x08000530   Section        0  stm32f4xx_hal.o(i.HAL_GetTick)
    i.HAL_IncTick                            0x0800053c   Section        0  stm32f4xx_hal.o(i.HAL_IncTick)
    i.HAL_Init                               0x0800054c   Section        0  stm32f4xx_hal.o(i.HAL_Init)
    i.HAL_InitTick                           0x08000580   Section        0  stm32f4xx_hal_timebase_tim.o(i.HAL_InitTick)
    i.HAL_MspInit                            0x080005f4   Section        0  stm32f4xx_hal_msp.o(i.HAL_MspInit)
    i.HAL_NVIC_EnableIRQ                     0x08000678   Section        0  stm32f4xx_hal_cortex.o(i.HAL_NVIC_EnableIRQ)
    i.HAL_NVIC_SetPriority                   0x08000690   Section        0  stm32f4xx_hal_cortex.o(i.HAL_NVIC_SetPriority)
    i.HAL_NVIC_SetPriorityGrouping           0x080006d0   Section        0  stm32f4xx_hal_cortex.o(i.HAL_NVIC_SetPriorityGrouping)
    i.HAL_RCC_ClockConfig                    0x080006f4   Section        0  stm32f4xx_hal_rcc.o(i.HAL_RCC_ClockConfig)
    i.HAL_RCC_GetClockConfig                 0x08000824   Section        0  stm32f4xx_hal_rcc.o(i.HAL_RCC_GetClockConfig)
    i.HAL_RCC_GetHCLKFreq                    0x08000864   Section        0  stm32f4xx_hal_rcc.o(i.HAL_RCC_GetHCLKFreq)
    i.HAL_RCC_GetPCLK1Freq                   0x08000870   Section        0  stm32f4xx_hal_rcc.o(i.HAL_RCC_GetPCLK1Freq)
    i.HAL_RCC_GetSysClockFreq                0x08000890   Section        0  stm32f4xx_hal_rcc.o(i.HAL_RCC_GetSysClockFreq)
    i.HAL_RCC_OscConfig                      0x080008f0   Section        0  stm32f4xx_hal_rcc.o(i.HAL_RCC_OscConfig)
    i.HAL_SYSTICK_CLKSourceConfig            0x08000c0c   Section        0  stm32f4xx_hal_cortex.o(i.HAL_SYSTICK_CLKSourceConfig)
    i.HAL_SYSTICK_Config                     0x08000c24   Section        0  stm32f4xx_hal_cortex.o(i.HAL_SYSTICK_Config)
    i.HAL_TIMEx_BreakCallback                0x08000c4c   Section        0  stm32f4xx_hal_tim_ex.o(i.HAL_TIMEx_BreakCallback)
    i.HAL_TIMEx_CommutationCallback          0x08000c4e   Section        0  stm32f4xx_hal_tim_ex.o(i.HAL_TIMEx_CommutationCallback)
    i.HAL_TIM_Base_Init                      0x08000c50   Section        0  stm32f4xx_hal_tim.o(i.HAL_TIM_Base_Init)
    i.HAL_TIM_Base_MspInit                   0x08000c86   Section        0  stm32f4xx_hal_tim.o(i.HAL_TIM_Base_MspInit)
    i.HAL_TIM_Base_Start_IT                  0x08000c88   Section        0  stm32f4xx_hal_tim.o(i.HAL_TIM_Base_Start_IT)
    i.HAL_TIM_IC_CaptureCallback             0x08000ca0   Section        0  stm32f4xx_hal_tim.o(i.HAL_TIM_IC_CaptureCallback)
    i.HAL_TIM_IRQHandler                     0x08000ca2   Section        0  stm32f4xx_hal_tim.o(i.HAL_TIM_IRQHandler)
    i.HAL_TIM_OC_DelayElapsedCallback        0x08000e08   Section        0  stm32f4xx_hal_tim.o(i.HAL_TIM_OC_DelayElapsedCallback)
    i.HAL_TIM_PWM_PulseFinishedCallback      0x08000e0a   Section        0  stm32f4xx_hal_tim.o(i.HAL_TIM_PWM_PulseFinishedCallback)
    i.HAL_TIM_PeriodElapsedCallback          0x08000e0c   Section        0  main.o(i.HAL_TIM_PeriodElapsedCallback)
    i.HAL_TIM_TriggerCallback                0x08000e20   Section        0  stm32f4xx_hal_tim.o(i.HAL_TIM_TriggerCallback)
    i.HardFault_Handler                      0x08000e22   Section        0  stm32f4xx_it.o(i.HardFault_Handler)
    i.MemManage_Handler                      0x08000e24   Section        0  stm32f4xx_it.o(i.MemManage_Handler)
    i.NMI_Handler                            0x08000e26   Section        0  stm32f4xx_it.o(i.NMI_Handler)
    i.NVIC_SetPriority                       0x08000e28   Section        0  stm32f4xx_hal_cortex.o(i.NVIC_SetPriority)
    NVIC_SetPriority                         0x08000e29   Thumb Code    32  stm32f4xx_hal_cortex.o(i.NVIC_SetPriority)
    i.SysTick_Handler                        0x08000e48   Section        0  stm32f4xx_it.o(i.SysTick_Handler)
    i.SystemClock_Config                     0x08000e4c   Section        0  main.o(i.SystemClock_Config)
    i.SystemInit                             0x08000ee4   Section        0  system_stm32f4xx.o(i.SystemInit)
    i.TIM4_IRQHandler                        0x08000f38   Section        0  stm32f4xx_it.o(i.TIM4_IRQHandler)
    i.TIM_Base_SetConfig                     0x08000f44   Section        0  stm32f4xx_hal_tim.o(i.TIM_Base_SetConfig)
    i.UsageFault_Handler                     0x08000fd4   Section        0  stm32f4xx_it.o(i.UsageFault_Handler)
    i.__scatterload_copy                     0x08000fd6   Section       14  handlers.o(i.__scatterload_copy)
    i.__scatterload_null                     0x08000fe4   Section        2  handlers.o(i.__scatterload_null)
    i.__scatterload_zeroinit                 0x08000fe6   Section       14  handlers.o(i.__scatterload_zeroinit)
    i.main                                   0x08000ff4   Section        0  main.o(i.main)
    i.osSystickHandler                       0x080010c0   Section        0  cmsis_os.o(i.osSystickHandler)
    i.prvAddCurrentTaskToDelayedList         0x080010d4   Section        0  tasks.o(i.prvAddCurrentTaskToDelayedList)
    prvAddCurrentTaskToDelayedList           0x080010d5   Thumb Code   102  tasks.o(i.prvAddCurrentTaskToDelayedList)
    i.prvAddNewTaskToReadyList               0x08001144   Section        0  tasks.o(i.prvAddNewTaskToReadyList)
    prvAddNewTaskToReadyList                 0x08001145   Thumb Code   326  tasks.o(i.prvAddNewTaskToReadyList)
    i.prvCheckDataToBeOverwrittenForMultiEntryEvents 0x080012a0   Section        0  trcsnapshotrecorder.o(i.prvCheckDataToBeOverwrittenForMultiEntryEvents)
    prvCheckDataToBeOverwrittenForMultiEntryEvents 0x080012a1   Thumb Code   118  trcsnapshotrecorder.o(i.prvCheckDataToBeOverwrittenForMultiEntryEvents)
    i.prvCheckTasksWaitingTermination        0x08001320   Section        0  tasks.o(i.prvCheckTasksWaitingTermination)
    prvCheckTasksWaitingTermination          0x08001321   Thumb Code    70  tasks.o(i.prvCheckTasksWaitingTermination)
    i.prvCopyDataFromQueue                   0x08001370   Section        0  queue.o(i.prvCopyDataFromQueue)
    prvCopyDataFromQueue                     0x08001371   Thumb Code    38  queue.o(i.prvCopyDataFromQueue)
    i.prvCopyDataToQueue                     0x08001396   Section        0  queue.o(i.prvCopyDataToQueue)
    prvCopyDataToQueue                       0x08001397   Thumb Code   108  queue.o(i.prvCopyDataToQueue)
    i.prvDeleteTCB                           0x08001402   Section        0  tasks.o(i.prvDeleteTCB)
    prvDeleteTCB                             0x08001403   Thumb Code    20  tasks.o(i.prvDeleteTCB)
    i.prvHeapInit                            0x08001418   Section        0  heap_4.o(i.prvHeapInit)
    prvHeapInit                              0x08001419   Thumb Code    66  heap_4.o(i.prvHeapInit)
    i.prvIdleTask                            0x08001464   Section        0  tasks.o(i.prvIdleTask)
    prvIdleTask                              0x08001465   Thumb Code    30  tasks.o(i.prvIdleTask)
    i.prvInitialiseNewQueue                  0x0800148c   Section        0  queue.o(i.prvInitialiseNewQueue)
    prvInitialiseNewQueue                    0x0800148d   Thumb Code   182  queue.o(i.prvInitialiseNewQueue)
    i.prvInitialiseNewTask                   0x08001550   Section        0  tasks.o(i.prvInitialiseNewTask)
    prvInitialiseNewTask                     0x08001551   Thumb Code   156  tasks.o(i.prvInitialiseNewTask)
    i.prvInsertBlockIntoFreeList             0x080015ec   Section        0  heap_4.o(i.prvInsertBlockIntoFreeList)
    prvInsertBlockIntoFreeList               0x080015ed   Thumb Code    72  heap_4.o(i.prvInsertBlockIntoFreeList)
    i.prvIsQueueEmpty                        0x08001638   Section        0  queue.o(i.prvIsQueueEmpty)
    prvIsQueueEmpty                          0x08001639   Thumb Code    28  queue.o(i.prvIsQueueEmpty)
    i.prvMarkObjectAsUsed                    0x08001654   Section        0  trcsnapshotrecorder.o(i.prvMarkObjectAsUsed)
    i.prvResetNextTaskUnblockTime            0x08001674   Section        0  tasks.o(i.prvResetNextTaskUnblockTime)
    prvResetNextTaskUnblockTime              0x08001675   Thumb Code    26  tasks.o(i.prvResetNextTaskUnblockTime)
    i.prvStrncpy                             0x08001694   Section        0  trcsnapshotrecorder.o(i.prvStrncpy)
    prvStrncpy                               0x08001695   Thumb Code    24  trcsnapshotrecorder.o(i.prvStrncpy)
    i.prvTaskExitError                       0x080016ac   Section        0  port.o(i.prvTaskExitError)
    prvTaskExitError                         0x080016ad   Thumb Code    36  port.o(i.prvTaskExitError)
    i.prvTraceError                          0x080016d4   Section        0  trcsnapshotrecorder.o(i.prvTraceError)
    i.prvTraceGetCurrentTaskHandle           0x0800170c   Section        0  trckernelport.o(i.prvTraceGetCurrentTaskHandle)
    i.prvTraceGetDTS                         0x08001710   Section        0  trcsnapshotrecorder.o(i.prvTraceGetDTS)
    prvTraceGetDTS                           0x08001711   Thumb Code   198  trcsnapshotrecorder.o(i.prvTraceGetDTS)
    i.prvTraceGetObjectHandle                0x08001848   Section        0  trcsnapshotrecorder.o(i.prvTraceGetObjectHandle)
    i.prvTraceGetObjectState                 0x080018e4   Section        0  trcsnapshotrecorder.o(i.prvTraceGetObjectState)
    prvTraceGetObjectState                   0x080018e5   Thumb Code    62  trcsnapshotrecorder.o(i.prvTraceGetObjectState)
    i.prvTraceGetParam                       0x08001968   Section        0  trcsnapshotrecorder.o(i.prvTraceGetParam)
    prvTraceGetParam                         0x08001969   Thumb Code    68  trcsnapshotrecorder.o(i.prvTraceGetParam)
    i.prvTraceGetPriorityProperty            0x080019e8   Section        0  trcsnapshotrecorder.o(i.prvTraceGetPriorityProperty)
    i.prvTraceGetQueueNumber                 0x08001a70   Section        0  trckernelport.o(i.prvTraceGetQueueNumber)
    i.prvTraceGetQueueNumberHigh16           0x08001a74   Section        0  trckernelport.o(i.prvTraceGetQueueNumberHigh16)
    i.prvTraceGetQueueNumberLow16            0x08001a7e   Section        0  trckernelport.o(i.prvTraceGetQueueNumberLow16)
    i.prvTraceGetQueueType                   0x08001a88   Section        0  trckernelport.o(i.prvTraceGetQueueType)
    i.prvTraceGetTaskNumberHigh16            0x08001a8c   Section        0  trckernelport.o(i.prvTraceGetTaskNumberHigh16)
    i.prvTraceGetTaskNumberLow16             0x08001a96   Section        0  trckernelport.o(i.prvTraceGetTaskNumberLow16)
    i.prvTraceNextFreeEventBufferSlot        0x08001aa0   Section        0  trcsnapshotrecorder.o(i.prvTraceNextFreeEventBufferSlot)
    prvTraceNextFreeEventBufferSlot          0x08001aa1   Thumb Code    38  trcsnapshotrecorder.o(i.prvTraceNextFreeEventBufferSlot)
    i.prvTracePortGetTimeStamp               0x08001af4   Section        0  trcsnapshotrecorder.o(i.prvTracePortGetTimeStamp)
    i.prvTraceSetObjectName                  0x08001b34   Section        0  trcsnapshotrecorder.o(i.prvTraceSetObjectName)
    i.prvTraceSetObjectState                 0x08001c2c   Section        0  trcsnapshotrecorder.o(i.prvTraceSetObjectState)
    i.prvTraceSetPriorityProperty            0x08001cb0   Section        0  trcsnapshotrecorder.o(i.prvTraceSetPriorityProperty)
    i.prvTraceSetQueueNumberHigh16           0x08001d38   Section        0  trckernelport.o(i.prvTraceSetQueueNumberHigh16)
    i.prvTraceSetQueueNumberLow16            0x08001d52   Section        0  trckernelport.o(i.prvTraceSetQueueNumberLow16)
    i.prvTraceSetTaskInstanceFinished        0x08001d6c   Section        0  trcsnapshotrecorder.o(i.prvTraceSetTaskInstanceFinished)
    i.prvTraceSetTaskNumberHigh16            0x08001da4   Section        0  trckernelport.o(i.prvTraceSetTaskNumberHigh16)
    i.prvTraceSetTaskNumberLow16             0x08001dbe   Section        0  trckernelport.o(i.prvTraceSetTaskNumberLow16)
    i.prvTraceStoreKernelCall                0x08001dd8   Section        0  trcsnapshotrecorder.o(i.prvTraceStoreKernelCall)
    i.prvTraceStoreKernelCallWithNumericParamOnly 0x08001ed4   Section        0  trcsnapshotrecorder.o(i.prvTraceStoreKernelCallWithNumericParamOnly)
    i.prvTraceStoreKernelCallWithParam       0x08001f84   Section        0  trcsnapshotrecorder.o(i.prvTraceStoreKernelCallWithParam)
    i.prvTraceStoreTaskReady                 0x08002098   Section        0  trcsnapshotrecorder.o(i.prvTraceStoreTaskReady)
    i.prvTraceStoreTaskswitch                0x0800217c   Section        0  trcsnapshotrecorder.o(i.prvTraceStoreTaskswitch)
    i.prvTraceUpdateCounters                 0x08002204   Section        0  trcsnapshotrecorder.o(i.prvTraceUpdateCounters)
    prvTraceUpdateCounters                   0x08002205   Thumb Code    44  trcsnapshotrecorder.o(i.prvTraceUpdateCounters)
    i.prvUnlockQueue                         0x08002234   Section        0  queue.o(i.prvUnlockQueue)
    prvUnlockQueue                           0x08002235   Thumb Code   106  queue.o(i.prvUnlockQueue)
    i.pszTraceGetErrorNotEnoughHandles       0x080022a0   Section        0  trckernelport.o(i.pszTraceGetErrorNotEnoughHandles)
    i.pvPortMalloc                           0x08002330   Section        0  heap_4.o(i.pvPortMalloc)
    i.pvTaskIncrementMutexHeldCount          0x08002414   Section        0  tasks.o(i.pvTaskIncrementMutexHeldCount)
    i.pxPortInitialiseStack                  0x0800242c   Section        0  port.o(i.pxPortInitialiseStack)
    i.ucQueueGetQueueType                    0x08002458   Section        0  queue.o(i.ucQueueGetQueueType)
    i.uiIndexOfObject                        0x08002460   Section        0  trcsnapshotrecorder.o(i.uiIndexOfObject)
    i.uxListRemove                           0x08002520   Section        0  list.o(i.uxListRemove)
    i.uxQueueGetQueueNumber                  0x08002544   Section        0  queue.o(i.uxQueueGetQueueNumber)
    i.uxQueueMessagesWaiting                 0x08002548   Section        0  queue.o(i.uxQueueMessagesWaiting)
    i.uxTaskGetTaskNumber                    0x0800256c   Section        0  tasks.o(i.uxTaskGetTaskNumber)
    i.vListInitialise                        0x08002574   Section        0  list.o(i.vListInitialise)
    i.vListInitialiseItem                    0x0800258a   Section        0  list.o(i.vListInitialiseItem)
    i.vListInsert                            0x08002590   Section        0  list.o(i.vListInsert)
    i.vListInsertEnd                         0x080025c0   Section        0  list.o(i.vListInsertEnd)
    i.vPortEnterCritical                     0x080025d8   Section        0  port.o(i.vPortEnterCritical)
    i.vPortExitCritical                      0x08002618   Section        0  port.o(i.vPortExitCritical)
    i.vPortFree                              0x08002640   Section        0  heap_4.o(i.vPortFree)
    i.vPortSetupTimerInterrupt               0x080026a8   Section        0  port.o(i.vPortSetupTimerInterrupt)
    i.vQueueSetQueueNumber                   0x080026c8   Section        0  queue.o(i.vQueueSetQueueNumber)
    i.vReceiverTask                          0x080026cc   Section        0  main.o(i.vReceiverTask)
    vReceiverTask                            0x080026cd   Thumb Code    24  main.o(i.vReceiverTask)
    i.vSenderTask                            0x080026e8   Section        0  main.o(i.vSenderTask)
    vSenderTask                              0x080026e9   Thumb Code    20  main.o(i.vSenderTask)
    i.vTaskMissedYield                       0x08002700   Section        0  tasks.o(i.vTaskMissedYield)
    i.vTaskPlaceOnEventList                  0x0800270c   Section        0  tasks.o(i.vTaskPlaceOnEventList)
    i.vTaskPriorityInherit                   0x0800273c   Section        0  tasks.o(i.vTaskPriorityInherit)
    i.vTaskSetTaskNumber                     0x08002830   Section        0  tasks.o(i.vTaskSetTaskNumber)
    i.vTaskSetTimeOutState                   0x08002838   Section        0  tasks.o(i.vTaskSetTimeOutState)
    i.vTaskStartScheduler                    0x0800285c   Section        0  tasks.o(i.vTaskStartScheduler)
    i.vTaskSuspendAll                        0x080028c4   Section        0  tasks.o(i.vTaskSuspendAll)
    i.vTaskSwitchContext                     0x080028d4   Section        0  tasks.o(i.vTaskSwitchContext)
    i.vTraceStop                             0x08002954   Section        0  trcsnapshotrecorder.o(i.vTraceStop)
    i.vTraceStoreMemMangEvent                0x0800296c   Section        0  trcsnapshotrecorder.o(i.vTraceStoreMemMangEvent)
    i.xPortStartScheduler                    0x08002a14   Section        0  port.o(i.xPortStartScheduler)
    i.xPortSysTickHandler                    0x08002af4   Section        0  port.o(i.xPortSysTickHandler)
    i.xQueueGenericCreate                    0x08002b20   Section        0  queue.o(i.xQueueGenericCreate)
    i.xQueueGenericReceive                   0x08002b64   Section        0  queue.o(i.xQueueGenericReceive)
    i.xQueueGenericReset                     0x08002e50   Section        0  queue.o(i.xQueueGenericReset)
    i.xQueueGenericSend                      0x08002ed8   Section        0  queue.o(i.xQueueGenericSend)
    i.xTaskCheckForTimeOut                   0x08003140   Section        0  tasks.o(i.xTaskCheckForTimeOut)
    i.xTaskCreate                            0x080031ac   Section        0  tasks.o(i.xTaskCreate)
    i.xTaskGetCurrentTaskHandle              0x08003204   Section        0  tasks.o(i.xTaskGetCurrentTaskHandle)
    i.xTaskGetSchedulerState                 0x08003210   Section        0  tasks.o(i.xTaskGetSchedulerState)
    i.xTaskIncrementTick                     0x0800322c   Section        0  tasks.o(i.xTaskIncrementTick)
    i.xTaskPriorityDisinherit                0x0800333c   Section        0  tasks.o(i.xTaskPriorityDisinherit)
    i.xTaskRemoveFromEventList               0x08003440   Section        0  tasks.o(i.xTaskRemoveFromEventList)
    i.xTaskResumeAll                         0x080034d4   Section        0  tasks.o(i.xTaskResumeAll)
    .constdata                               0x080035bc   Section       16  system_stm32f4xx.o(.constdata)
    .constdata                               0x080035cc   Section        8  system_stm32f4xx.o(.constdata)
    .constdata                               0x080035d4   Section       24  eventrecorder.o(.constdata)
    __tagsym$$used                           0x080035d4   Number         0  eventrecorder.o(.constdata)
    .conststring                             0x080035ec   Section      718  trckernelport.o(.conststring)
    .conststring                             0x080038bc   Section     1049  trcsnapshotrecorder.o(.conststring)
    .data                                    0x20000000   Section        4  main.o(.data)
    .data                                    0x20000004   Section        5  trckernelport.o(.data)
    .data                                    0x2000000c   Section       80  trcsnapshotrecorder.o(.data)
    handle                                   0x2000000e   Data           1  trcsnapshotrecorder.o(.data)
    idx                                      0x20000014   Data           2  trcsnapshotrecorder.o(.data)
    readyEventsEnabled                       0x2000001c   Data           4  trcsnapshotrecorder.o(.data)
    last_timestamp                           0x20000024   Data           4  trcsnapshotrecorder.o(.data)
    heapMemUsage                             0x20000038   Data           4  trcsnapshotrecorder.o(.data)
    indexOfHandle                            0x20000040   Data           4  trcsnapshotrecorder.o(.data)
    old_timestamp                            0x20000044   Data           4  trcsnapshotrecorder.o(.data)
    last_hwtc_count                          0x20000048   Data           4  trcsnapshotrecorder.o(.data)
    last_hwtc_rest                           0x2000004c   Data           4  trcsnapshotrecorder.o(.data)
    isrstack                                 0x20000054   Data           8  trcsnapshotrecorder.o(.data)
    .data                                    0x2000005c   Section        4  trcsnapshotrecorder.o(.data)
    .data                                    0x20000060   Section       12  stm32f4xx_hal.o(.data)
    .data                                    0x2000006c   Section        4  system_stm32f4xx.o(.data)
    .data                                    0x20000070   Section       24  heap_4.o(.data)
    pxEnd                                    0x20000070   Data           4  heap_4.o(.data)
    xFreeBytesRemaining                      0x20000074   Data           4  heap_4.o(.data)
    xMinimumEverFreeBytesRemaining           0x20000078   Data           4  heap_4.o(.data)
    xBlockAllocatedBit                       0x2000007c   Data           4  heap_4.o(.data)
    xStart                                   0x20000080   Data           8  heap_4.o(.data)
    .data                                    0x20000088   Section       12  port.o(.data)
    ucMaxSysCallPriority                     0x20000088   Data           1  port.o(.data)
    uxCriticalNesting                        0x2000008c   Data           4  port.o(.data)
    ulMaxPRIGROUPValue                       0x20000090   Data           4  port.o(.data)
    .data                                    0x20000094   Section       60  tasks.o(.data)
    uxDeletedTasksWaitingCleanUp             0x20000098   Data           4  tasks.o(.data)
    uxCurrentNumberOfTasks                   0x2000009c   Data           4  tasks.o(.data)
    xTickCount                               0x200000a0   Data           4  tasks.o(.data)
    uxTopReadyPriority                       0x200000a4   Data           4  tasks.o(.data)
    xSchedulerRunning                        0x200000a8   Data           4  tasks.o(.data)
    uxPendedTicks                            0x200000ac   Data           4  tasks.o(.data)
    xYieldPending                            0x200000b0   Data           4  tasks.o(.data)
    xNumOfOverflows                          0x200000b4   Data           4  tasks.o(.data)
    uxTaskNumber                             0x200000b8   Data           4  tasks.o(.data)
    xNextTaskUnblockTime                     0x200000bc   Data           4  tasks.o(.data)
    xIdleTaskHandle                          0x200000c0   Data           4  tasks.o(.data)
    uxSchedulerSuspended                     0x200000c4   Data           4  tasks.o(.data)
    pxDelayedTaskList                        0x200000c8   Data           4  tasks.o(.data)
    pxOverflowDelayedTaskList                0x200000cc   Data           4  tasks.o(.data)
    .bss                                     0x200000d0   Section       60  stm32f4xx_hal_timebase_tim.o(.bss)
    .bss                                     0x2000010c   Section     6568  trcsnapshotrecorder.o(.bss)
    .bss                                     0x20001ab4   Section    15360  heap_4.o(.bss)
    ucHeap                                   0x20001ab4   Data       15360  heap_4.o(.bss)
    .bss                                     0x200056b4   Section      240  tasks.o(.bss)
    pxReadyTasksLists                        0x200056b4   Data         140  tasks.o(.bss)
    xDelayedTaskList1                        0x20005740   Data          20  tasks.o(.bss)
    xDelayedTaskList2                        0x20005754   Data          20  tasks.o(.bss)
    xPendingReadyList                        0x20005768   Data          20  tasks.o(.bss)
    xTasksWaitingTermination                 0x2000577c   Data          20  tasks.o(.bss)
    xSuspendedTaskList                       0x20005790   Data          20  tasks.o(.bss)
    .bss.noinit                              0x200057c0   Section     1188  eventrecorder.o(.bss.noinit)
    EventBuffer                              0x200057c0   Data        1024  eventrecorder.o(.bss.noinit)
    EventFilter                              0x20005bc0   Data         128  eventrecorder.o(.bss.noinit)
    EventStatus                              0x20005c40   Data          36  eventrecorder.o(.bss.noinit)
    STACK                                    0x20005c68   Section     1024  startup_stm32f411xe.o(STACK)

    Global Symbols

    Symbol Name                              Value     Ov Type        Size  Object(Section)

    BuildAttributes$$THM_ISAv4$E$P$D$K$B$S$7EM$VFPi3$EXTD16$VFPS$VFMA$PE$A:L22UL41UL21$X:L11$S22US41US21$IEEE1$IW$USESV6$~STKCKD$USESV7$~SHL$OSPACE$ROPI$EBA8$MICROLIB$REQ8$PRES8$EABIv2 0x00000000   Number         0  anon$$obj.o ABSOLUTE
    __ARM_use_no_argv                        0x00000000   Number         0  main.o ABSOLUTE
    __cpp_initialize__aeabi_                  - Undefined Weak Reference
    __cxa_finalize                            - Undefined Weak Reference
    __decompress                              - Undefined Weak Reference
    _clock_init                               - Undefined Weak Reference
    _microlib_exit                            - Undefined Weak Reference
    __Vectors_Size                           0x00000198   Number         0  startup_stm32f411xe.o ABSOLUTE
    __Vectors                                0x08000000   Data           4  startup_stm32f411xe.o(RESET)
    __Vectors_End                            0x08000198   Data           0  startup_stm32f411xe.o(RESET)
    __main                                   0x08000199   Thumb Code     0  entry.o(.ARM.Collect$$$$00000000)
    _main_stk                                0x08000199   Thumb Code     0  entry2.o(.ARM.Collect$$$$00000001)
    _main_scatterload                        0x0800019d   Thumb Code     0  entry5.o(.ARM.Collect$$$$00000004)
    __main_after_scatterload                 0x080001a1   Thumb Code     0  entry5.o(.ARM.Collect$$$$00000004)
    _main_clock                              0x080001a1   Thumb Code     0  entry7b.o(.ARM.Collect$$$$00000008)
    _main_cpp_init                           0x080001a1   Thumb Code     0  entry8b.o(.ARM.Collect$$$$0000000A)
    _main_init                               0x080001a1   Thumb Code     0  entry9a.o(.ARM.Collect$$$$0000000B)
    __rt_final_cpp                           0x080001a9   Thumb Code     0  entry10a.o(.ARM.Collect$$$$0000000D)
    __rt_final_exit                          0x080001a9   Thumb Code     0  entry11a.o(.ARM.Collect$$$$0000000F)
    SVC_Handler                              0x080001ad   Thumb Code    28  port.o(.emb_text)
    __asm___6_port_c_39a90d8d__prvStartFirstTask 0x080001cd   Thumb Code    28  port.o(.emb_text)
    __asm___6_port_c_39a90d8d__prvEnableVFP  0x080001ed   Thumb Code    16  port.o(.emb_text)
    PendSV_Handler                           0x08000201   Thumb Code    92  port.o(.emb_text)
    vPortGetIPSR                             0x08000261   Thumb Code     6  port.o(.emb_text)
    Reset_Handler                            0x08000269   Thumb Code     8  startup_stm32f411xe.o(.text)
    ADC_IRQHandler                           0x08000283   Thumb Code     0  startup_stm32f411xe.o(.text)
    DMA1_Stream0_IRQHandler                  0x08000283   Thumb Code     0  startup_stm32f411xe.o(.text)
    DMA1_Stream1_IRQHandler                  0x08000283   Thumb Code     0  startup_stm32f411xe.o(.text)
    DMA1_Stream2_IRQHandler                  0x08000283   Thumb Code     0  startup_stm32f411xe.o(.text)
    DMA1_Stream3_IRQHandler                  0x08000283   Thumb Code     0  startup_stm32f411xe.o(.text)
    DMA1_Stream4_IRQHandler                  0x08000283   Thumb Code     0  startup_stm32f411xe.o(.text)
    DMA1_Stream5_IRQHandler                  0x08000283   Thumb Code     0  startup_stm32f411xe.o(.text)
    DMA1_Stream6_IRQHandler                  0x08000283   Thumb Code     0  startup_stm32f411xe.o(.text)
    DMA1_Stream7_IRQHandler                  0x08000283   Thumb Code     0  startup_stm32f411xe.o(.text)
    DMA2_Stream0_IRQHandler                  0x08000283   Thumb Code     0  startup_stm32f411xe.o(.text)
    DMA2_Stream1_IRQHandler                  0x08000283   Thumb Code     0  startup_stm32f411xe.o(.text)
    DMA2_Stream2_IRQHandler                  0x08000283   Thumb Code     0  startup_stm32f411xe.o(.text)
    DMA2_Stream3_IRQHandler                  0x08000283   Thumb Code     0  startup_stm32f411xe.o(.text)
    DMA2_Stream4_IRQHandler                  0x08000283   Thumb Code     0  startup_stm32f411xe.o(.text)
    DMA2_Stream5_IRQHandler                  0x08000283   Thumb Code     0  startup_stm32f411xe.o(.text)
    DMA2_Stream6_IRQHandler                  0x08000283   Thumb Code     0  startup_stm32f411xe.o(.text)
    DMA2_Stream7_IRQHandler                  0x08000283   Thumb Code     0  startup_stm32f411xe.o(.text)
    EXTI0_IRQHandler                         0x08000283   Thumb Code     0  startup_stm32f411xe.o(.text)
    EXTI15_10_IRQHandler                     0x08000283   Thumb Code     0  startup_stm32f411xe.o(.text)
    EXTI1_IRQHandler                         0x08000283   Thumb Code     0  startup_stm32f411xe.o(.text)
    EXTI2_IRQHandler                         0x08000283   Thumb Code     0  startup_stm32f411xe.o(.text)
    EXTI3_IRQHandler                         0x08000283   Thumb Code     0  startup_stm32f411xe.o(.text)
    EXTI4_IRQHandler                         0x08000283   Thumb Code     0  startup_stm32f411xe.o(.text)
    EXTI9_5_IRQHandler                       0x08000283   Thumb Code     0  startup_stm32f411xe.o(.text)
    FLASH_IRQHandler                         0x08000283   Thumb Code     0  startup_stm32f411xe.o(.text)
    FPU_IRQHandler                           0x08000283   Thumb Code     0  startup_stm32f411xe.o(.text)
    I2C1_ER_IRQHandler                       0x08000283   Thumb Code     0  startup_stm32f411xe.o(.text)
    I2C1_EV_IRQHandler                       0x08000283   Thumb Code     0  startup_stm32f411xe.o(.text)
    I2C2_ER_IRQHandler                       0x08000283   Thumb Code     0  startup_stm32f411xe.o(.text)
    I2C2_EV_IRQHandler                       0x08000283   Thumb Code     0  startup_stm32f411xe.o(.text)
    I2C3_ER_IRQHandler                       0x08000283   Thumb Code     0  startup_stm32f411xe.o(.text)
    I2C3_EV_IRQHandler                       0x08000283   Thumb Code     0  startup_stm32f411xe.o(.text)
    OTG_FS_IRQHandler                        0x08000283   Thumb Code     0  startup_stm32f411xe.o(.text)
    OTG_FS_WKUP_IRQHandler                   0x08000283   Thumb Code     0  startup_stm32f411xe.o(.text)
    PVD_IRQHandler                           0x08000283   Thumb Code     0  startup_stm32f411xe.o(.text)
    RCC_IRQHandler                           0x08000283   Thumb Code     0  startup_stm32f411xe.o(.text)
    RTC_Alarm_IRQHandler                     0x08000283   Thumb Code     0  startup_stm32f411xe.o(.text)
    RTC_WKUP_IRQHandler                      0x08000283   Thumb Code     0  startup_stm32f411xe.o(.text)
    SDIO_IRQHandler                          0x08000283   Thumb Code     0  startup_stm32f411xe.o(.text)
    SPI1_IRQHandler                          0x08000283   Thumb Code     0  startup_stm32f411xe.o(.text)
    SPI2_IRQHandler                          0x08000283   Thumb Code     0  startup_stm32f411xe.o(.text)
    SPI3_IRQHandler                          0x08000283   Thumb Code     0  startup_stm32f411xe.o(.text)
    SPI4_IRQHandler                          0x08000283   Thumb Code     0  startup_stm32f411xe.o(.text)
    SPI5_IRQHandler                          0x08000283   Thumb Code     0  startup_stm32f411xe.o(.text)
    TAMP_STAMP_IRQHandler                    0x08000283   Thumb Code     0  startup_stm32f411xe.o(.text)
    TIM1_BRK_TIM9_IRQHandler                 0x08000283   Thumb Code     0  startup_stm32f411xe.o(.text)
    TIM1_CC_IRQHandler                       0x08000283   Thumb Code     0  startup_stm32f411xe.o(.text)
    TIM1_TRG_COM_TIM11_IRQHandler            0x08000283   Thumb Code     0  startup_stm32f411xe.o(.text)
    TIM1_UP_TIM10_IRQHandler                 0x08000283   Thumb Code     0  startup_stm32f411xe.o(.text)
    TIM2_IRQHandler                          0x08000283   Thumb Code     0  startup_stm32f411xe.o(.text)
    TIM3_IRQHandler                          0x08000283   Thumb Code     0  startup_stm32f411xe.o(.text)
    TIM5_IRQHandler                          0x08000283   Thumb Code     0  startup_stm32f411xe.o(.text)
    USART1_IRQHandler                        0x08000283   Thumb Code     0  startup_stm32f411xe.o(.text)
    USART2_IRQHandler                        0x08000283   Thumb Code     0  startup_stm32f411xe.o(.text)
    USART6_IRQHandler                        0x08000283   Thumb Code     0  startup_stm32f411xe.o(.text)
    WWDG_IRQHandler                          0x08000283   Thumb Code     0  startup_stm32f411xe.o(.text)
    __aeabi_uldivmod                         0x0800028d   Thumb Code    98  uldiv.o(.text)
    __aeabi_memcpy                           0x080002ef   Thumb Code    36  memcpya.o(.text)
    __aeabi_memcpy4                          0x080002ef   Thumb Code     0  memcpya.o(.text)
    __aeabi_memcpy8                          0x080002ef   Thumb Code     0  memcpya.o(.text)
    __aeabi_memset                           0x08000313   Thumb Code    14  memseta.o(.text)
    __aeabi_memset4                          0x08000313   Thumb Code     0  memseta.o(.text)
    __aeabi_memset8                          0x08000313   Thumb Code     0  memseta.o(.text)
    __aeabi_memclr                           0x08000321   Thumb Code     4  memseta.o(.text)
    __aeabi_memclr4                          0x08000321   Thumb Code     0  memseta.o(.text)
    __aeabi_memclr8                          0x08000321   Thumb Code     0  memseta.o(.text)
    _memset$wrapper                          0x08000325   Thumb Code    18  memseta.o(.text)
    __aeabi_llsl                             0x08000337   Thumb Code    30  llshl.o(.text)
    _ll_shift_l                              0x08000337   Thumb Code     0  llshl.o(.text)
    __aeabi_llsr                             0x08000355   Thumb Code    32  llushr.o(.text)
    _ll_ushift_r                             0x08000355   Thumb Code     0  llushr.o(.text)
    __scatterload                            0x08000375   Thumb Code    28  init.o(.text)
    __scatterload_rt2                        0x08000375   Thumb Code     0  init.o(.text)
    BusFault_Handler                         0x08000399   Thumb Code     2  stm32f4xx_it.o(i.BusFault_Handler)
    DebugMon_Handler                         0x0800039b   Thumb Code     2  stm32f4xx_it.o(i.DebugMon_Handler)
    HAL_GPIO_Init                            0x0800039d   Thumb Code   358  stm32f4xx_hal_gpio.o(i.HAL_GPIO_Init)
    HAL_GPIO_WritePin                        0x08000525   Thumb Code    10  stm32f4xx_hal_gpio.o(i.HAL_GPIO_WritePin)
    HAL_GetTick                              0x08000531   Thumb Code     6  stm32f4xx_hal.o(i.HAL_GetTick)
    HAL_IncTick                              0x0800053d   Thumb Code    12  stm32f4xx_hal.o(i.HAL_IncTick)
    HAL_Init                                 0x0800054d   Thumb Code    48  stm32f4xx_hal.o(i.HAL_Init)
    HAL_InitTick                             0x08000581   Thumb Code   100  stm32f4xx_hal_timebase_tim.o(i.HAL_InitTick)
    HAL_MspInit                              0x080005f5   Thumb Code   126  stm32f4xx_hal_msp.o(i.HAL_MspInit)
    HAL_NVIC_EnableIRQ                       0x08000679   Thumb Code    22  stm32f4xx_hal_cortex.o(i.HAL_NVIC_EnableIRQ)
    HAL_NVIC_SetPriority                     0x08000691   Thumb Code    60  stm32f4xx_hal_cortex.o(i.HAL_NVIC_SetPriority)
    HAL_NVIC_SetPriorityGrouping             0x080006d1   Thumb Code    26  stm32f4xx_hal_cortex.o(i.HAL_NVIC_SetPriorityGrouping)
    HAL_RCC_ClockConfig                      0x080006f5   Thumb Code   286  stm32f4xx_hal_rcc.o(i.HAL_RCC_ClockConfig)
    HAL_RCC_GetClockConfig                   0x08000825   Thumb Code    54  stm32f4xx_hal_rcc.o(i.HAL_RCC_GetClockConfig)
    HAL_RCC_GetHCLKFreq                      0x08000865   Thumb Code     6  stm32f4xx_hal_rcc.o(i.HAL_RCC_GetHCLKFreq)
    HAL_RCC_GetPCLK1Freq                     0x08000871   Thumb Code    20  stm32f4xx_hal_rcc.o(i.HAL_RCC_GetPCLK1Freq)
    HAL_RCC_GetSysClockFreq                  0x08000891   Thumb Code    88  stm32f4xx_hal_rcc.o(i.HAL_RCC_GetSysClockFreq)
    HAL_RCC_OscConfig                        0x080008f1   Thumb Code   770  stm32f4xx_hal_rcc.o(i.HAL_RCC_OscConfig)
    HAL_SYSTICK_CLKSourceConfig              0x08000c0d   Thumb Code    24  stm32f4xx_hal_cortex.o(i.HAL_SYSTICK_CLKSourceConfig)
    HAL_SYSTICK_Config                       0x08000c25   Thumb Code    40  stm32f4xx_hal_cortex.o(i.HAL_SYSTICK_Config)
    HAL_TIMEx_BreakCallback                  0x08000c4d   Thumb Code     2  stm32f4xx_hal_tim_ex.o(i.HAL_TIMEx_BreakCallback)
    HAL_TIMEx_CommutationCallback            0x08000c4f   Thumb Code     2  stm32f4xx_hal_tim_ex.o(i.HAL_TIMEx_CommutationCallback)
    HAL_TIM_Base_Init                        0x08000c51   Thumb Code    54  stm32f4xx_hal_tim.o(i.HAL_TIM_Base_Init)
    HAL_TIM_Base_MspInit                     0x08000c87   Thumb Code     2  stm32f4xx_hal_tim.o(i.HAL_TIM_Base_MspInit)
    HAL_TIM_Base_Start_IT                    0x08000c89   Thumb Code    24  stm32f4xx_hal_tim.o(i.HAL_TIM_Base_Start_IT)
    HAL_TIM_IC_CaptureCallback               0x08000ca1   Thumb Code     2  stm32f4xx_hal_tim.o(i.HAL_TIM_IC_CaptureCallback)
    HAL_TIM_IRQHandler                       0x08000ca3   Thumb Code   358  stm32f4xx_hal_tim.o(i.HAL_TIM_IRQHandler)
    HAL_TIM_OC_DelayElapsedCallback          0x08000e09   Thumb Code     2  stm32f4xx_hal_tim.o(i.HAL_TIM_OC_DelayElapsedCallback)
    HAL_TIM_PWM_PulseFinishedCallback        0x08000e0b   Thumb Code     2  stm32f4xx_hal_tim.o(i.HAL_TIM_PWM_PulseFinishedCallback)
    HAL_TIM_PeriodElapsedCallback            0x08000e0d   Thumb Code    14  main.o(i.HAL_TIM_PeriodElapsedCallback)
    HAL_TIM_TriggerCallback                  0x08000e21   Thumb Code     2  stm32f4xx_hal_tim.o(i.HAL_TIM_TriggerCallback)
    HardFault_Handler                        0x08000e23   Thumb Code     2  stm32f4xx_it.o(i.HardFault_Handler)
    MemManage_Handler                        0x08000e25   Thumb Code     2  stm32f4xx_it.o(i.MemManage_Handler)
    NMI_Handler                              0x08000e27   Thumb Code     2  stm32f4xx_it.o(i.NMI_Handler)
    SysTick_Handler                          0x08000e49   Thumb Code     4  stm32f4xx_it.o(i.SysTick_Handler)
    SystemClock_Config                       0x08000e4d   Thumb Code   144  main.o(i.SystemClock_Config)
    SystemInit                               0x08000ee5   Thumb Code    66  system_stm32f4xx.o(i.SystemInit)
    TIM4_IRQHandler                          0x08000f39   Thumb Code     6  stm32f4xx_it.o(i.TIM4_IRQHandler)
    TIM_Base_SetConfig                       0x08000f45   Thumb Code   114  stm32f4xx_hal_tim.o(i.TIM_Base_SetConfig)
    UsageFault_Handler                       0x08000fd5   Thumb Code     2  stm32f4xx_it.o(i.UsageFault_Handler)
    __scatterload_copy                       0x08000fd7   Thumb Code    14  handlers.o(i.__scatterload_copy)
    __scatterload_null                       0x08000fe5   Thumb Code     2  handlers.o(i.__scatterload_null)
    __scatterload_zeroinit                   0x08000fe7   Thumb Code    14  handlers.o(i.__scatterload_zeroinit)
    main                                     0x08000ff5   Thumb Code   154  main.o(i.main)
    osSystickHandler                         0x080010c1   Thumb Code    20  cmsis_os.o(i.osSystickHandler)
    prvMarkObjectAsUsed                      0x08001655   Thumb Code    26  trcsnapshotrecorder.o(i.prvMarkObjectAsUsed)
    prvTraceError                            0x080016d5   Thumb Code    50  trcsnapshotrecorder.o(i.prvTraceError)
    prvTraceGetCurrentTaskHandle             0x0800170d   Thumb Code     4  trckernelport.o(i.prvTraceGetCurrentTaskHandle)
    prvTraceGetObjectHandle                  0x08001849   Thumb Code   140  trcsnapshotrecorder.o(i.prvTraceGetObjectHandle)
    prvTraceGetPriorityProperty              0x080019e9   Thumb Code    62  trcsnapshotrecorder.o(i.prvTraceGetPriorityProperty)
    prvTraceGetQueueNumber                   0x08001a71   Thumb Code     4  trckernelport.o(i.prvTraceGetQueueNumber)
    prvTraceGetQueueNumberHigh16             0x08001a75   Thumb Code    10  trckernelport.o(i.prvTraceGetQueueNumberHigh16)
    prvTraceGetQueueNumberLow16              0x08001a7f   Thumb Code    10  trckernelport.o(i.prvTraceGetQueueNumberLow16)
    prvTraceGetQueueType                     0x08001a89   Thumb Code     4  trckernelport.o(i.prvTraceGetQueueType)
    prvTraceGetTaskNumberHigh16              0x08001a8d   Thumb Code    10  trckernelport.o(i.prvTraceGetTaskNumberHigh16)
    prvTraceGetTaskNumberLow16               0x08001a97   Thumb Code    10  trckernelport.o(i.prvTraceGetTaskNumberLow16)
    prvTracePortGetTimeStamp                 0x08001af5   Thumb Code    54  trcsnapshotrecorder.o(i.prvTracePortGetTimeStamp)
    prvTraceSetObjectName                    0x08001b35   Thumb Code    96  trcsnapshotrecorder.o(i.prvTraceSetObjectName)
    prvTraceSetObjectState                   0x08001c2d   Thumb Code    64  trcsnapshotrecorder.o(i.prvTraceSetObjectState)
    prvTraceSetPriorityProperty              0x08001cb1   Thumb Code    64  trcsnapshotrecorder.o(i.prvTraceSetPriorityProperty)
    prvTraceSetQueueNumberHigh16             0x08001d39   Thumb Code    26  trckernelport.o(i.prvTraceSetQueueNumberHigh16)
    prvTraceSetQueueNumberLow16              0x08001d53   Thumb Code    26  trckernelport.o(i.prvTraceSetQueueNumberLow16)
    prvTraceSetTaskInstanceFinished          0x08001d6d   Thumb Code    46  trcsnapshotrecorder.o(i.prvTraceSetTaskInstanceFinished)
    prvTraceSetTaskNumberHigh16              0x08001da5   Thumb Code    26  trckernelport.o(i.prvTraceSetTaskNumberHigh16)
    prvTraceSetTaskNumberLow16               0x08001dbf   Thumb Code    26  trckernelport.o(i.prvTraceSetTaskNumberLow16)
    prvTraceStoreKernelCall                  0x08001dd9   Thumb Code   126  trcsnapshotrecorder.o(i.prvTraceStoreKernelCall)
    prvTraceStoreKernelCallWithNumericParamOnly 0x08001ed5   Thumb Code   112  trcsnapshotrecorder.o(i.prvTraceStoreKernelCallWithNumericParamOnly)
    prvTraceStoreKernelCallWithParam         0x08001f85   Thumb Code   142  trcsnapshotrecorder.o(i.prvTraceStoreKernelCallWithParam)
    prvTraceStoreTaskReady                   0x08002099   Thumb Code   102  trcsnapshotrecorder.o(i.prvTraceStoreTaskReady)
    prvTraceStoreTaskswitch                  0x0800217d   Thumb Code   128  trcsnapshotrecorder.o(i.prvTraceStoreTaskswitch)
    pszTraceGetErrorNotEnoughHandles         0x080022a1   Thumb Code    58  trckernelport.o(i.pszTraceGetErrorNotEnoughHandles)
    pvPortMalloc                             0x08002331   Thumb Code   222  heap_4.o(i.pvPortMalloc)
    pvTaskIncrementMutexHeldCount            0x08002415   Thumb Code    18  tasks.o(i.pvTaskIncrementMutexHeldCount)
    pxPortInitialiseStack                    0x0800242d   Thumb Code    40  port.o(i.pxPortInitialiseStack)
    ucQueueGetQueueType                      0x08002459   Thumb Code     6  queue.o(i.ucQueueGetQueueType)
    uiIndexOfObject                          0x08002461   Thumb Code    58  trcsnapshotrecorder.o(i.uiIndexOfObject)
    uxListRemove                             0x08002521   Thumb Code    36  list.o(i.uxListRemove)
    uxQueueGetQueueNumber                    0x08002545   Thumb Code     4  queue.o(i.uxQueueGetQueueNumber)
    uxQueueMessagesWaiting                   0x08002549   Thumb Code    36  queue.o(i.uxQueueMessagesWaiting)
    uxTaskGetTaskNumber                      0x0800256d   Thumb Code     8  tasks.o(i.uxTaskGetTaskNumber)
    vListInitialise                          0x08002575   Thumb Code    22  list.o(i.vListInitialise)
    vListInitialiseItem                      0x0800258b   Thumb Code     6  list.o(i.vListInitialiseItem)
    vListInsert                              0x08002591   Thumb Code    48  list.o(i.vListInsert)
    vListInsertEnd                           0x080025c1   Thumb Code    24  list.o(i.vListInsertEnd)
    vPortEnterCritical                       0x080025d9   Thumb Code    54  port.o(i.vPortEnterCritical)
    vPortExitCritical                        0x08002619   Thumb Code    34  port.o(i.vPortExitCritical)
    vPortFree                                0x08002641   Thumb Code    98  heap_4.o(i.vPortFree)
    vPortSetupTimerInterrupt                 0x080026a9   Thumb Code    26  port.o(i.vPortSetupTimerInterrupt)
    vQueueSetQueueNumber                     0x080026c9   Thumb Code     4  queue.o(i.vQueueSetQueueNumber)
    vTaskMissedYield                         0x08002701   Thumb Code     8  tasks.o(i.vTaskMissedYield)
    vTaskPlaceOnEventList                    0x0800270d   Thumb Code    44  tasks.o(i.vTaskPlaceOnEventList)
    vTaskPriorityInherit                     0x0800273d   Thumb Code   230  tasks.o(i.vTaskPriorityInherit)
    vTaskSetTaskNumber                       0x08002831   Thumb Code     8  tasks.o(i.vTaskSetTaskNumber)
    vTaskSetTimeOutState                     0x08002839   Thumb Code    30  tasks.o(i.vTaskSetTimeOutState)
    vTaskStartScheduler                      0x0800285d   Thumb Code    86  tasks.o(i.vTaskStartScheduler)
    vTaskSuspendAll                          0x080028c5   Thumb Code    10  tasks.o(i.vTaskSuspendAll)
    vTaskSwitchContext                       0x080028d5   Thumb Code   116  tasks.o(i.vTaskSwitchContext)
    vTraceStop                               0x08002955   Thumb Code    20  trcsnapshotrecorder.o(i.vTraceStop)
    vTraceStoreMemMangEvent                  0x0800296d   Thumb Code   162  trcsnapshotrecorder.o(i.vTraceStoreMemMangEvent)
    xPortStartScheduler                      0x08002a15   Thumb Code   202  port.o(i.xPortStartScheduler)
    xPortSysTickHandler                      0x08002af5   Thumb Code    38  port.o(i.xPortSysTickHandler)
    xQueueGenericCreate                      0x08002b21   Thumb Code    66  queue.o(i.xQueueGenericCreate)
    xQueueGenericReceive                     0x08002b65   Thumb Code   736  queue.o(i.xQueueGenericReceive)
    xQueueGenericReset                       0x08002e51   Thumb Code   132  queue.o(i.xQueueGenericReset)
    xQueueGenericSend                        0x08002ed9   Thumb Code   604  queue.o(i.xQueueGenericSend)
    xTaskCheckForTimeOut                     0x08003141   Thumb Code   102  tasks.o(i.xTaskCheckForTimeOut)
    xTaskCreate                              0x080031ad   Thumb Code    86  tasks.o(i.xTaskCreate)
    xTaskGetCurrentTaskHandle                0x08003205   Thumb Code     6  tasks.o(i.xTaskGetCurrentTaskHandle)
    xTaskGetSchedulerState                   0x08003211   Thumb Code    22  tasks.o(i.xTaskGetSchedulerState)
    xTaskIncrementTick                       0x0800322d   Thumb Code   256  tasks.o(i.xTaskIncrementTick)
    xTaskPriorityDisinherit                  0x0800333d   Thumb Code   246  tasks.o(i.xTaskPriorityDisinherit)
    xTaskRemoveFromEventList                 0x08003441   Thumb Code   134  tasks.o(i.xTaskRemoveFromEventList)
    xTaskResumeAll                           0x080034d5   Thumb Code   214  tasks.o(i.xTaskResumeAll)
    AHBPrescTable                            0x080035bc   Data          16  system_stm32f4xx.o(.constdata)
    APBPrescTable                            0x080035cc   Data           8  system_stm32f4xx.o(.constdata)
    EventRecorderInfo                        0x080035d4   Data          24  eventrecorder.o(.constdata)
    Region$$Table$$Base                      0x08003cd8   Number         0  anon$$obj.o(Region$$Table)
    Region$$Table$$Limit                     0x08003cf8   Number         0  anon$$obj.o(Region$$Table)
    xQueue                                   0x20000000   Data           4  main.o(.data)
    TraceQueueClassTable                     0x20000004   Data           5  trckernelport.o(.data)
    nISRactive                               0x2000000c   Data           1  trcsnapshotrecorder.o(.data)
    handle_of_last_logged_task               0x2000000d   Data           1  trcsnapshotrecorder.o(.data)
    CurrentFilterMask                        0x20000010   Data           2  trcsnapshotrecorder.o(.data)
    CurrentFilterGroup                       0x20000012   Data           2  trcsnapshotrecorder.o(.data)
    isPendingContextSwitch                   0x20000018   Data           4  trcsnapshotrecorder.o(.data)
    trace_disable_timestamp                  0x20000020   Data           4  trcsnapshotrecorder.o(.data)
    recorder_busy                            0x20000028   Data           4  trcsnapshotrecorder.o(.data)
    timestampFrequency                       0x2000002c   Data           4  trcsnapshotrecorder.o(.data)
    traceErrorMessage                        0x20000030   Data           4  trcsnapshotrecorder.o(.data)
    vTraceStopHookPtr                        0x20000034   Data           4  trcsnapshotrecorder.o(.data)
    RecorderDataPtr                          0x2000003c   Data           4  trcsnapshotrecorder.o(.data)
    init_hwtc_count                          0x20000050   Data           4  trcsnapshotrecorder.o(.data)
    uiTraceTickCount                         0x2000005c   Data           4  trcsnapshotrecorder.o(.data)
    uwTickFreq                               0x20000060   Data           1  stm32f4xx_hal.o(.data)
    uwTickPrio                               0x20000064   Data           4  stm32f4xx_hal.o(.data)
    uwTick                                   0x20000068   Data           4  stm32f4xx_hal.o(.data)
    SystemCoreClock                          0x2000006c   Data           4  system_stm32f4xx.o(.data)
    pxCurrentTCB                             0x20000094   Data           4  tasks.o(.data)
    htim4                                    0x200000d0   Data          60  stm32f4xx_hal_timebase_tim.o(.bss)
    objectHandleStacks                       0x2000010c   Data         142  trcsnapshotrecorder.o(.bss)
    RecorderData                             0x2000019c   Data        6424  trcsnapshotrecorder.o(.bss)
    __initial_sp                             0x20006068   Data           0  startup_stm32f411xe.o(STACK)



==============================================================================

Memory Map of the image

  Image Entry point : 0x08000199

  Load Region LR_IROM1 (Base: 0x08000000, Size: 0x00003dc8, Max: 0x00080000, ABSOLUTE)

    Execution Region ER_IROM1 (Exec base: 0x08000000, Load base: 0x08000000, Size: 0x00003cf8, Max: 0x00080000, ABSOLUTE)

    Exec Addr    Load Addr    Size         Type   Attr      Idx    E Section Name        Object

    0x08000000   0x08000000   0x00000198   Data   RO            3    RESET               startup_stm32f411xe.o
    0x08000198   0x08000198   0x00000000   Code   RO         4361  * .ARM.Collect$$$$00000000  mc_w.l(entry.o)
    0x08000198   0x08000198   0x00000004   Code   RO         4376    .ARM.Collect$$$$00000001  mc_w.l(entry2.o)
    0x0800019c   0x0800019c   0x00000004   Code   RO         4379    .ARM.Collect$$$$00000004  mc_w.l(entry5.o)
    0x080001a0   0x080001a0   0x00000000   Code   RO         4381    .ARM.Collect$$$$00000008  mc_w.l(entry7b.o)
    0x080001a0   0x080001a0   0x00000000   Code   RO         4383    .ARM.Collect$$$$0000000A  mc_w.l(entry8b.o)
    0x080001a0   0x080001a0   0x00000008   Code   RO         4384    .ARM.Collect$$$$0000000B  mc_w.l(entry9a.o)
    0x080001a8   0x080001a8   0x00000000   Code   RO         4386    .ARM.Collect$$$$0000000D  mc_w.l(entry10a.o)
    0x080001a8   0x080001a8   0x00000000   Code   RO         4388    .ARM.Collect$$$$0000000F  mc_w.l(entry11a.o)
    0x080001a8   0x080001a8   0x00000004   Code   RO         4377    .ARM.Collect$$$$00002712  mc_w.l(entry2.o)
    0x080001ac   0x080001ac   0x000000ba   Code   RO         3072    .emb_text           port.o
    0x08000266   0x08000266   0x00000002   PAD
    0x08000268   0x08000268   0x00000024   Code   RO            4    .text               startup_stm32f411xe.o
    0x0800028c   0x0800028c   0x00000062   Code   RO         4364    .text               mc_w.l(uldiv.o)
    0x080002ee   0x080002ee   0x00000024   Code   RO         4366    .text               mc_w.l(memcpya.o)
    0x08000312   0x08000312   0x00000024   Code   RO         4368    .text               mc_w.l(memseta.o)
    0x08000336   0x08000336   0x0000001e   Code   RO         4390    .text               mc_w.l(llshl.o)
    0x08000354   0x08000354   0x00000020   Code   RO         4392    .text               mc_w.l(llushr.o)
    0x08000374   0x08000374   0x00000024   Code   RO         4395    .text               mc_w.l(init.o)
    0x08000398   0x08000398   0x00000002   Code   RO          268    i.BusFault_Handler  stm32f4xx_it.o
    0x0800039a   0x0800039a   0x00000002   Code   RO          269    i.DebugMon_Handler  stm32f4xx_it.o
    0x0800039c   0x0800039c   0x00000188   Code   RO         2234    i.HAL_GPIO_Init     stm32f4xx_hal_gpio.o
    0x08000524   0x08000524   0x0000000a   Code   RO         2238    i.HAL_GPIO_WritePin  stm32f4xx_hal_gpio.o
    0x0800052e   0x0800052e   0x00000002   PAD
    0x08000530   0x08000530   0x0000000c   Code   RO         2790    i.HAL_GetTick       stm32f4xx_hal.o
    0x0800053c   0x0800053c   0x00000010   Code   RO         2794    i.HAL_IncTick       stm32f4xx_hal.o
    0x0800054c   0x0800054c   0x00000034   Code   RO         2795    i.HAL_Init          stm32f4xx_hal.o
    0x08000580   0x08000580   0x00000074   Code   RO          362    i.HAL_InitTick      stm32f4xx_hal_timebase_tim.o
    0x080005f4   0x080005f4   0x00000084   Code   RO          338    i.HAL_MspInit       stm32f4xx_hal_msp.o
    0x08000678   0x08000678   0x00000016   Code   RO         2647    i.HAL_NVIC_EnableIRQ  stm32f4xx_hal_cortex.o
    0x0800068e   0x0800068e   0x00000002   PAD
    0x08000690   0x08000690   0x00000040   Code   RO         2653    i.HAL_NVIC_SetPriority  stm32f4xx_hal_cortex.o
    0x080006d0   0x080006d0   0x00000024   Code   RO         2654    i.HAL_NVIC_SetPriorityGrouping  stm32f4xx_hal_cortex.o
    0x080006f4   0x080006f4   0x00000130   Code   RO         1826    i.HAL_RCC_ClockConfig  stm32f4xx_hal_rcc.o
    0x08000824   0x08000824   0x00000040   Code   RO         1830    i.HAL_RCC_GetClockConfig  stm32f4xx_hal_rcc.o
    0x08000864   0x08000864   0x0000000c   Code   RO         1831    i.HAL_RCC_GetHCLKFreq  stm32f4xx_hal_rcc.o
    0x08000870   0x08000870   0x00000020   Code   RO         1833    i.HAL_RCC_GetPCLK1Freq  stm32f4xx_hal_rcc.o
    0x08000890   0x08000890   0x00000060   Code   RO         1835    i.HAL_RCC_GetSysClockFreq  stm32f4xx_hal_rcc.o
    0x080008f0   0x080008f0   0x0000031c   Code   RO         1838    i.HAL_RCC_OscConfig  stm32f4xx_hal_rcc.o
    0x08000c0c   0x08000c0c   0x00000018   Code   RO         2656    i.HAL_SYSTICK_CLKSourceConfig  stm32f4xx_hal_cortex.o
    0x08000c24   0x08000c24   0x00000028   Code   RO         2658    i.HAL_SYSTICK_Config  stm32f4xx_hal_cortex.o
    0x08000c4c   0x08000c4c   0x00000002   Code   RO         1586    i.HAL_TIMEx_BreakCallback  stm32f4xx_hal_tim_ex.o
    0x08000c4e   0x08000c4e   0x00000002   Code   RO         1587    i.HAL_TIMEx_CommutationCallback  stm32f4xx_hal_tim_ex.o
    0x08000c50   0x08000c50   0x00000036   Code   RO          957    i.HAL_TIM_Base_Init  stm32f4xx_hal_tim.o
    0x08000c86   0x08000c86   0x00000002   Code   RO          959    i.HAL_TIM_Base_MspInit  stm32f4xx_hal_tim.o
    0x08000c88   0x08000c88   0x00000018   Code   RO          962    i.HAL_TIM_Base_Start_IT  stm32f4xx_hal_tim.o
    0x08000ca0   0x08000ca0   0x00000002   Code   RO          986    i.HAL_TIM_IC_CaptureCallback  stm32f4xx_hal_tim.o
    0x08000ca2   0x08000ca2   0x00000166   Code   RO          999    i.HAL_TIM_IRQHandler  stm32f4xx_hal_tim.o
    0x08000e08   0x08000e08   0x00000002   Code   RO         1002    i.HAL_TIM_OC_DelayElapsedCallback  stm32f4xx_hal_tim.o
    0x08000e0a   0x08000e0a   0x00000002   Code   RO         1029    i.HAL_TIM_PWM_PulseFinishedCallback  stm32f4xx_hal_tim.o
    0x08000e0c   0x08000e0c   0x00000014   Code   RO           13    i.HAL_TIM_PeriodElapsedCallback  main.o
    0x08000e20   0x08000e20   0x00000002   Code   RO         1040    i.HAL_TIM_TriggerCallback  stm32f4xx_hal_tim.o
    0x08000e22   0x08000e22   0x00000002   Code   RO          270    i.HardFault_Handler  stm32f4xx_it.o
    0x08000e24   0x08000e24   0x00000002   Code   RO          271    i.MemManage_Handler  stm32f4xx_it.o
    0x08000e26   0x08000e26   0x00000002   Code   RO          272    i.NMI_Handler       stm32f4xx_it.o
    0x08000e28   0x08000e28   0x00000020   Code   RO         2660    i.NVIC_SetPriority  stm32f4xx_hal_cortex.o
    0x08000e48   0x08000e48   0x00000004   Code   RO          273    i.SysTick_Handler   stm32f4xx_it.o
    0x08000e4c   0x08000e4c   0x00000098   Code   RO           15    i.SystemClock_Config  main.o
    0x08000ee4   0x08000ee4   0x00000054   Code   RO         2949    i.SystemInit        system_stm32f4xx.o
    0x08000f38   0x08000f38   0x0000000c   Code   RO          274    i.TIM4_IRQHandler   stm32f4xx_it.o
    0x08000f44   0x08000f44   0x00000090   Code   RO         1041    i.TIM_Base_SetConfig  stm32f4xx_hal_tim.o
    0x08000fd4   0x08000fd4   0x00000002   Code   RO          275    i.UsageFault_Handler  stm32f4xx_it.o
    0x08000fd6   0x08000fd6   0x0000000e   Code   RO         4399    i.__scatterload_copy  mc_w.l(handlers.o)
    0x08000fe4   0x08000fe4   0x00000002   Code   RO         4400    i.__scatterload_null  mc_w.l(handlers.o)
    0x08000fe6   0x08000fe6   0x0000000e   Code   RO         4401    i.__scatterload_zeroinit  mc_w.l(handlers.o)
    0x08000ff4   0x08000ff4   0x000000cc   Code   RO           17    i.main              main.o
    0x080010c0   0x080010c0   0x00000014   Code   RO         3894    i.osSystickHandler  cmsis_os.o
    0x080010d4   0x080010d4   0x00000070   Code   RO         3505    i.prvAddCurrentTaskToDelayedList  tasks.o
    0x08001144   0x08001144   0x0000015c   Code   RO         3506    i.prvAddNewTaskToReadyList  tasks.o
    0x080012a0   0x080012a0   0x00000080   Code   RO          536    i.prvCheckDataToBeOverwrittenForMultiEntryEvents  trcsnapshotrecorder.o
    0x08001320   0x08001320   0x00000050   Code   RO         3507    i.prvCheckTasksWaitingTermination  tasks.o
    0x08001370   0x08001370   0x00000026   Code   RO         3329    i.prvCopyDataFromQueue  queue.o
    0x08001396   0x08001396   0x0000006c   Code   RO         3330    i.prvCopyDataToQueue  queue.o
    0x08001402   0x08001402   0x00000014   Code   RO         3508    i.prvDeleteTCB      tasks.o
    0x08001416   0x08001416   0x00000002   PAD
    0x08001418   0x08001418   0x0000004c   Code   RO         2986    i.prvHeapInit       heap_4.o
    0x08001464   0x08001464   0x00000028   Code   RO         3509    i.prvIdleTask       tasks.o
    0x0800148c   0x0800148c   0x000000c4   Code   RO         3331    i.prvInitialiseNewQueue  queue.o
    0x08001550   0x08001550   0x0000009c   Code   RO         3510    i.prvInitialiseNewTask  tasks.o
    0x080015ec   0x080015ec   0x0000004c   Code   RO         2987    i.prvInsertBlockIntoFreeList  heap_4.o
    0x08001638   0x08001638   0x0000001c   Code   RO         3332    i.prvIsQueueEmpty   queue.o
    0x08001654   0x08001654   0x00000020   Code   RO          537    i.prvMarkObjectAsUsed  trcsnapshotrecorder.o
    0x08001674   0x08001674   0x00000020   Code   RO         3512    i.prvResetNextTaskUnblockTime  tasks.o
    0x08001694   0x08001694   0x00000018   Code   RO          538    i.prvStrncpy        trcsnapshotrecorder.o
    0x080016ac   0x080016ac   0x00000028   Code   RO         3073    i.prvTaskExitError  port.o
    0x080016d4   0x080016d4   0x00000038   Code   RO          540    i.prvTraceError     trcsnapshotrecorder.o
    0x0800170c   0x0800170c   0x00000004   Code   RO          402    i.prvTraceGetCurrentTaskHandle  trckernelport.o
    0x08001710   0x08001710   0x00000138   Code   RO          543    i.prvTraceGetDTS    trcsnapshotrecorder.o
    0x08001848   0x08001848   0x0000009c   Code   RO          544    i.prvTraceGetObjectHandle  trcsnapshotrecorder.o
    0x080018e4   0x080018e4   0x00000084   Code   RO          545    i.prvTraceGetObjectState  trcsnapshotrecorder.o
    0x08001968   0x08001968   0x00000080   Code   RO          546    i.prvTraceGetParam  trcsnapshotrecorder.o
    0x080019e8   0x080019e8   0x00000088   Code   RO          547    i.prvTraceGetPriorityProperty  trcsnapshotrecorder.o
    0x08001a70   0x08001a70   0x00000004   Code   RO          403    i.prvTraceGetQueueNumber  trckernelport.o
    0x08001a74   0x08001a74   0x0000000a   Code   RO          404    i.prvTraceGetQueueNumberHigh16  trckernelport.o
    0x08001a7e   0x08001a7e   0x0000000a   Code   RO          405    i.prvTraceGetQueueNumberLow16  trckernelport.o
    0x08001a88   0x08001a88   0x00000004   Code   RO          406    i.prvTraceGetQueueType  trckernelport.o
    0x08001a8c   0x08001a8c   0x0000000a   Code   RO          407    i.prvTraceGetTaskNumberHigh16  trckernelport.o
    0x08001a96   0x08001a96   0x0000000a   Code   RO          408    i.prvTraceGetTaskNumberLow16  trckernelport.o
    0x08001aa0   0x08001aa0   0x00000054   Code   RO          551    i.prvTraceNextFreeEventBufferSlot  trcsnapshotrecorder.o
    0x08001af4   0x08001af4   0x00000040   Code   RO          553    i.prvTracePortGetTimeStamp  trcsnapshotrecorder.o
    0x08001b34   0x08001b34   0x000000f8   Code   RO          554    i.prvTraceSetObjectName  trcsnapshotrecorder.o
    0x08001c2c   0x08001c2c   0x00000084   Code   RO          555    i.prvTraceSetObjectState  trcsnapshotrecorder.o
    0x08001cb0   0x08001cb0   0x00000088   Code   RO          556    i.prvTraceSetPriorityProperty  trcsnapshotrecorder.o
    0x08001d38   0x08001d38   0x0000001a   Code   RO          410    i.prvTraceSetQueueNumberHigh16  trckernelport.o
    0x08001d52   0x08001d52   0x0000001a   Code   RO          411    i.prvTraceSetQueueNumberLow16  trckernelport.o
    0x08001d6c   0x08001d6c   0x00000038   Code   RO          558    i.prvTraceSetTaskInstanceFinished  trcsnapshotrecorder.o
    0x08001da4   0x08001da4   0x0000001a   Code   RO          412    i.prvTraceSetTaskNumberHigh16  trckernelport.o
    0x08001dbe   0x08001dbe   0x0000001a   Code   RO          413    i.prvTraceSetTaskNumberLow16  trckernelport.o
    0x08001dd8   0x08001dd8   0x000000fc   Code   RO          559    i.prvTraceStoreKernelCall  trcsnapshotrecorder.o
    0x08001ed4   0x08001ed4   0x000000b0   Code   RO          560    i.prvTraceStoreKernelCallWithNumericParamOnly  trcsnapshotrecorder.o
    0x08001f84   0x08001f84   0x00000114   Code   RO          561    i.prvTraceStoreKernelCallWithParam  trcsnapshotrecorder.o
    0x08002098   0x08002098   0x000000e4   Code   RO          565    i.prvTraceStoreTaskReady  trcsnapshotrecorder.o
    0x0800217c   0x0800217c   0x00000088   Code   RO          566    i.prvTraceStoreTaskswitch  trcsnapshotrecorder.o
    0x08002204   0x08002204   0x00000030   Code   RO          568    i.prvTraceUpdateCounters  trcsnapshotrecorder.o
    0x08002234   0x08002234   0x0000006a   Code   RO         3333    i.prvUnlockQueue    queue.o
    0x0800229e   0x0800229e   0x00000002   PAD
    0x080022a0   0x080022a0   0x00000090   Code   RO          414    i.pszTraceGetErrorNotEnoughHandles  trckernelport.o
    0x08002330   0x08002330   0x000000e4   Code   RO         2988    i.pvPortMalloc      heap_4.o
    0x08002414   0x08002414   0x00000018   Code   RO         3514    i.pvTaskIncrementMutexHeldCount  tasks.o
    0x0800242c   0x0800242c   0x0000002c   Code   RO         3074    i.pxPortInitialiseStack  port.o
    0x08002458   0x08002458   0x00000006   Code   RO         3334    i.ucQueueGetQueueType  queue.o
    0x0800245e   0x0800245e   0x00000002   PAD
    0x08002460   0x08002460   0x000000c0   Code   RO          570    i.uiIndexOfObject   trcsnapshotrecorder.o
    0x08002520   0x08002520   0x00000024   Code   RO         3280    i.uxListRemove      list.o
    0x08002544   0x08002544   0x00000004   Code   RO         3335    i.uxQueueGetQueueNumber  queue.o
    0x08002548   0x08002548   0x00000024   Code   RO         3336    i.uxQueueMessagesWaiting  queue.o
    0x0800256c   0x0800256c   0x00000008   Code   RO         3518    i.uxTaskGetTaskNumber  tasks.o
    0x08002574   0x08002574   0x00000016   Code   RO         3281    i.vListInitialise   list.o
    0x0800258a   0x0800258a   0x00000006   Code   RO         3282    i.vListInitialiseItem  list.o
    0x08002590   0x08002590   0x00000030   Code   RO         3283    i.vListInsert       list.o
    0x080025c0   0x080025c0   0x00000018   Code   RO         3284    i.vListInsertEnd    list.o
    0x080025d8   0x080025d8   0x00000040   Code   RO         3076    i.vPortEnterCritical  port.o
    0x08002618   0x08002618   0x00000028   Code   RO         3077    i.vPortExitCritical  port.o
    0x08002640   0x08002640   0x00000068   Code   RO         2989    i.vPortFree         heap_4.o
    0x080026a8   0x080026a8   0x00000020   Code   RO         3078    i.vPortSetupTimerInterrupt  port.o
    0x080026c8   0x080026c8   0x00000004   Code   RO         3341    i.vQueueSetQueueNumber  queue.o
    0x080026cc   0x080026cc   0x0000001c   Code   RO           18    i.vReceiverTask     main.o
    0x080026e8   0x080026e8   0x00000018   Code   RO           19    i.vSenderTask       main.o
    0x08002700   0x08002700   0x0000000c   Code   RO         3527    i.vTaskMissedYield  tasks.o
    0x0800270c   0x0800270c   0x00000030   Code   RO         3529    i.vTaskPlaceOnEventList  tasks.o
    0x0800273c   0x0800273c   0x000000f4   Code   RO         3531    i.vTaskPriorityInherit  tasks.o
    0x08002830   0x08002830   0x00000008   Code   RO         3534    i.vTaskSetTaskNumber  tasks.o
    0x08002838   0x08002838   0x00000024   Code   RO         3535    i.vTaskSetTimeOutState  tasks.o
    0x0800285c   0x0800285c   0x00000068   Code   RO         3536    i.vTaskStartScheduler  tasks.o
    0x080028c4   0x080028c4   0x00000010   Code   RO         3538    i.vTaskSuspendAll   tasks.o
    0x080028d4   0x080028d4   0x00000080   Code   RO         3539    i.vTaskSwitchContext  tasks.o
    0x08002954   0x08002954   0x00000018   Code   RO          586    i.vTraceStop        trcsnapshotrecorder.o
    0x0800296c   0x0800296c   0x000000a8   Code   RO          589    i.vTraceStoreMemMangEvent  trcsnapshotrecorder.o
    0x08002a14   0x08002a14   0x000000e0   Code   RO         3080    i.xPortStartScheduler  port.o
    0x08002af4   0x08002af4   0x0000002c   Code   RO         3081    i.xPortSysTickHandler  port.o
    0x08002b20   0x08002b20   0x00000042   Code   RO         3344    i.xQueueGenericCreate  queue.o
    0x08002b62   0x08002b62   0x00000002   PAD
    0x08002b64   0x08002b64   0x000002ec   Code   RO         3345    i.xQueueGenericReceive  queue.o
    0x08002e50   0x08002e50   0x00000088   Code   RO         3346    i.xQueueGenericReset  queue.o
    0x08002ed8   0x08002ed8   0x00000268   Code   RO         3347    i.xQueueGenericSend  queue.o
    0x08003140   0x08003140   0x0000006c   Code   RO         3540    i.xTaskCheckForTimeOut  tasks.o
    0x080031ac   0x080031ac   0x00000056   Code   RO         3541    i.xTaskCreate       tasks.o
    0x08003202   0x08003202   0x00000002   PAD
    0x08003204   0x08003204   0x0000000c   Code   RO         3544    i.xTaskGetCurrentTaskHandle  tasks.o
    0x08003210   0x08003210   0x0000001c   Code   RO         3545    i.xTaskGetSchedulerState  tasks.o
    0x0800322c   0x0800322c   0x00000110   Code   RO         3548    i.xTaskIncrementTick  tasks.o
    0x0800333c   0x0800333c   0x00000104   Code   RO         3551    i.xTaskPriorityDisinherit  tasks.o
    0x08003440   0x08003440   0x00000094   Code   RO         3552    i.xTaskRemoveFromEventList  tasks.o
    0x080034d4   0x080034d4   0x000000e8   Code   RO         3554    i.xTaskResumeAll    tasks.o
    0x080035bc   0x080035bc   0x00000010   Data   RO         2950    .constdata          system_stm32f4xx.o
    0x080035cc   0x080035cc   0x00000008   Data   RO         2951    .constdata          system_stm32f4xx.o
    0x080035d4   0x080035d4   0x00000018   Data   RO         4256    .constdata          eventrecorder.o
    0x080035ec   0x080035ec   0x000002ce   Data   RO          420    .conststring        trckernelport.o
    0x080038ba   0x080038ba   0x00000002   PAD
    0x080038bc   0x080038bc   0x00000419   Data   RO          599    .conststring        trcsnapshotrecorder.o
    0x08003cd5   0x08003cd5   0x00000003   PAD
    0x08003cd8   0x08003cd8   0x00000020   Data   RO         4397    Region$$Table       anon$$obj.o


    Execution Region RW_IRAM1 (Exec base: 0x20000000, Load base: 0x08003cf8, Size: 0x00006068, Max: 0x00020000, ABSOLUTE)

    Exec Addr    Load Addr    Size         Type   Attr      Idx    E Section Name        Object

    0x20000000   0x08003cf8   0x00000004   Data   RW           22    .data               main.o
    0x20000004   0x08003cfc   0x00000005   Data   RW          422    .data               trckernelport.o
    0x20000009   0x08003d01   0x00000003   PAD
    0x2000000c   0x08003d04   0x00000050   Data   RW          600    .data               trcsnapshotrecorder.o
    0x2000005c   0x08003d54   0x00000004   Data   RW          601    .data               trcsnapshotrecorder.o
    0x20000060   0x08003d58   0x0000000c   Data   RW         2802    .data               stm32f4xx_hal.o
    0x2000006c   0x08003d64   0x00000004   Data   RW         2952    .data               system_stm32f4xx.o
    0x20000070   0x08003d68   0x00000018   Data   RW         2994    .data               heap_4.o
    0x20000088   0x08003d80   0x0000000c   Data   RW         3082    .data               port.o
    0x20000094   0x08003d8c   0x0000003c   Data   RW         3557    .data               tasks.o
    0x200000d0        -       0x0000003c   Zero   RW          365    .bss                stm32f4xx_hal_timebase_tim.o
    0x2000010c        -       0x000019a8   Zero   RW          598    .bss                trcsnapshotrecorder.o
    0x20001ab4        -       0x00003c00   Zero   RW         2993    .bss                heap_4.o
    0x200056b4        -       0x000000f0   Zero   RW         3556    .bss                tasks.o
    0x200057a4   0x08003dc8   0x0000001c   PAD
    0x200057c0        -       0x000004a4   Zero   RW         4255    .bss.noinit         eventrecorder.o
    0x20005c64   0x08003dc8   0x00000004   PAD
    0x20005c68        -       0x00000400   Zero   RW            1    STACK               startup_stm32f411xe.o


==============================================================================

Image component sizes


      Code (inc. data)   RO Data    RW Data    ZI Data      Debug   Object Name

        20          0          0          0          0        635   cmsis_os.o
         0          0          0          0          0       8132   event_groups.o
         0          0         24          0       1188       4333   eventrecorder.o
       484         26          0         24      15360       9055   heap_4.o
       136          0          0          0          0       3718   list.o
       428         72          0          4          0     428839   main.o
       674         74          0         12          0      11328   port.o
      2092         42          0          0          0      14652   queue.o
        36          8        408          0       1024        864   startup_stm32f411xe.o
        80         14          0         12          0       3382   stm32f4xx_hal.o
       218         14          0          0          0      31229   stm32f4xx_hal_cortex.o
       402         34          0          0          0       2484   stm32f4xx_hal_gpio.o
       132          6          0          0          0        962   stm32f4xx_hal_msp.o
      1304         80          0          0          0       5878   stm32f4xx_hal_rcc.o
       590         30          0          0          0       7282   stm32f4xx_hal_tim.o
         4          0          0          0          0       1690   stm32f4xx_hal_tim_ex.o
       116         16          0          0         60       1528   stm32f4xx_hal_timebase_tim.o
        28          6          0          0          0       3853   stm32f4xx_it.o
        84         18         24          4          0       1243   system_stm32f4xx.o
      2562        208          0         60        240      24580   tasks.o
       300         96        718          5          0       8676   trckernelport.o
      3324       1320       1049         84       6568      41252   trcsnapshotrecorder.o

    ----------------------------------------------------------------------
     13030       2064       2260        208      24472     615595   Object Totals
         0          0         32          0          0          0   (incl. Generated)
        16          0          5          3         32          0   (incl. Padding)

    ----------------------------------------------------------------------

      Code (inc. data)   RO Data    RW Data    ZI Data      Debug   Library Member Name

         0          0          0          0          0          0   entry.o
         0          0          0          0          0          0   entry10a.o
         0          0          0          0          0          0   entry11a.o
         8          4          0          0          0          0   entry2.o
         4          0          0          0          0          0   entry5.o
         0          0          0          0          0          0   entry7b.o
         0          0          0          0          0          0   entry8b.o
         8          4          0          0          0          0   entry9a.o
        30          0          0          0          0          0   handlers.o
        36          8          0          0          0         68   init.o
        30          0          0          0          0         68   llshl.o
        32          0          0          0          0         68   llushr.o
        36          0          0          0          0         68   memcpya.o
        36          0          0          0          0        108   memseta.o
        98          0          0          0          0         92   uldiv.o

    ----------------------------------------------------------------------
       318         16          0          0          0        472   Library Totals
         0          0          0          0          0          0   (incl. Padding)

    ----------------------------------------------------------------------

      Code (inc. data)   RO Data    RW Data    ZI Data      Debug   Library Name

       318         16          0          0          0        472   mc_w.l

    ----------------------------------------------------------------------
       318         16          0          0          0        472   Library Totals

    ----------------------------------------------------------------------

==============================================================================


      Code (inc. data)   RO Data    RW Data    ZI Data      Debug   

     13348       2080       2260        208      24472     603215   Grand Totals
     13348       2080       2260        208      24472     603215   ELF Image Totals
     13348       2080       2260        208          0          0   ROM Totals

==============================================================================

    Total RO  Size (Code + RO Data)                15608 (  15.24kB)
    Total RW  Size (RW Data + ZI Data)             24680 (  24.10kB)
    Total ROM Size (Code + RO Data + RW Data)      15816 (  15.45kB)

==============================================================================

